2026-07-21 12:39:06,451 | INFO     | atmo_system | Starting atmospheric monitoring system
2026-07-21 12:39:06,669 | INFO     | atmo_system | Warming up PMS5003 particulate sensor...
2026-07-21 12:39:09,628 | INFO     | atmo_system | Entering main acquisition loop
2026-07-21 12:39:10,576 | ERROR    | atmo_system | ThingSpeak upload failed; continuing operation
Traceback (most recent call last):
  File "/home/mariska/Desktop/Atmospheric-particle-sensor/readings.py", line 441, in upload
    response.raise_for_status()
    ~~~~~~~~~~~~~~~~~~~~~~~~~^^
  File "/usr/lib/python3/dist-packages/requests/models.py", line 1024, in raise_for_status
    raise HTTPError(http_error_msg, response=self)
requests.exceptions.HTTPError: 400 Client Error: Bad Request for url: https://api.thingspeak.com/update
2026-07-21 12:39:31,390 | ERROR    | atmo_system | ThingSpeak upload failed; continuing operation
Traceback (most recent call last):
  File "/home/mariska/Desktop/Atmospheric-particle-sensor/readings.py", line 441, in upload
    response.raise_for_status()
    ~~~~~~~~~~~~~~~~~~~~~~~~~^^
  File "/usr/lib/python3/dist-packages/requests/models.py", line 1024, in raise_for_status
    raise HTTPError(http_error_msg, response=self)
requests.exceptions.HTTPError: 400 Client Error: Bad Request for url: https://api.thingspeak.com/update
2026-07-21 12:39:51,399 | ERROR    | atmo_system | ThingSpeak upload failed; continuing operation
Traceback (most recent call last):
  File "/home/mariska/Desktop/Atmospheric-particle-sensor/readings.py", line 441, in upload
    response.raise_for_status()
    ~~~~~~~~~~~~~~~~~~~~~~~~~^^
  File "/usr/lib/python3/dist-packages/requests/models.py", line 1024, in raise_for_status
    raise HTTPError(http_error_msg, response=self)
requests.exceptions.HTTPError: 400 Client Error: Bad Request for url: https://api.thingspeak.com/update
2026-07-21 12:40:11,403 | ERROR    | atmo_system | ThingSpeak upload failed; continuing operation
Traceback (most recent call last):
  File "/home/mariska/Desktop/Atmospheric-particle-sensor/readings.py", line 441, in upload
    response.raise_for_status()
    ~~~~~~~~~~~~~~~~~~~~~~~~~^^
  File "/usr/lib/python3/dist-packages/requests/models.py", line 1024, in raise_for_status
    raise HTTPError(http_error_msg, response=self)
requests.exceptions.HTTPError: 400 Client Error: Bad Request for url: https://api.thingspeak.com/update
2026-07-21 12:40:31,405 | ERROR    | atmo_system | ThingSpeak upload failed; continuing operation
Traceback (most recent call last):
  File "/home/mariska/Desktop/Atmospheric-particle-sensor/readings.py", line 441, in upload
    response.raise_for_status()
    ~~~~~~~~~~~~~~~~~~~~~~~~~^^
  File "/usr/lib/python3/dist-packages/requests/models.py", line 1024, in raise_for_status
    raise HTTPError(http_error_msg, response=self)
requests.exceptions.HTTPError: 400 Client Error: Bad Request for url: https://api.thingspeak.com/update
2026-07-21 12:40:51,404 | ERROR    | atmo_system | ThingSpeak upload failed; continuing operation
Traceback (most recent call last):
  File "/home/mariska/Desktop/Atmospheric-particle-sensor/readings.py", line 441, in upload
    response.raise_for_status()
    ~~~~~~~~~~~~~~~~~~~~~~~~~^^
  File "/usr/lib/python3/dist-packages/requests/models.py", line 1024, in raise_for_status
    raise HTTPError(http_error_msg, response=self)
requests.exceptions.HTTPError: 400 Client Error: Bad Request for url: https://api.thingspeak.com/update
2026-07-21 12:41:11,409 | ERROR    | atmo_system | ThingSpeak upload failed; continuing operation
Traceback (most recent call last):
  File "/home/mariska/Desktop/Atmospheric-particle-sensor/readings.py", line 441, in upload
    response.raise_for_status()
    ~~~~~~~~~~~~~~~~~~~~~~~~~^^
  File "/usr/lib/python3/dist-packages/requests/models.py", line 1024, in raise_for_status
    raise HTTPError(http_error_msg, response=self)
requests.exceptions.HTTPError: 400 Client Error: Bad Request for url: https://api.thingspeak.com/update
2026-07-21 12:41:31,408 | ERROR    | atmo_system | ThingSpeak upload failed; continuing operation
Traceback (most recent call last):
  File "/home/mariska/Desktop/Atmospheric-particle-sensor/readings.py", line 441, in upload
    response.raise_for_status()
    ~~~~~~~~~~~~~~~~~~~~~~~~~^^
  File "/usr/lib/python3/dist-packages/requests/models.py", line 1024, in raise_for_status
    raise HTTPError(http_error_msg, response=self)
requests.exceptions.HTTPError: 400 Client Error: Bad Request for url: https://api.thingspeak.com/update
2026-07-21 12:41:51,412 | ERROR    | atmo_system | ThingSpeak upload failed; continuing operation
Traceback (most recent call last):
  File "/home/mariska/Desktop/Atmospheric-particle-sensor/readings.py", line 441, in upload
    response.raise_for_status()
    ~~~~~~~~~~~~~~~~~~~~~~~~~^^
  File "/usr/lib/python3/dist-packages/requests/models.py", line 1024, in raise_for_status
    raise HTTPError(http_error_msg, response=self)
requests.exceptions.HTTPError: 400 Client Error: Bad Request for url: https://api.thingspeak.com/update
2026-07-21 12:52:45,101 | INFO     | atmo_system | Starting atmospheric monitoring system
2026-07-21 12:52:45,317 | INFO     | atmo_system | Warming up PMS5003 particulate sensor...
2026-07-21 12:52:48,275 | INFO     | atmo_system | Entering main acquisition loop
2026-07-21 12:52:49,197 | ERROR    | atmo_system | ThingSpeak upload failed; continuing operation
Traceback (most recent call last):
  File "/home/mariska/Desktop/Atmospheric-particle-sensor/readings.py", line 441, in upload
    response.raise_for_status()
    ~~~~~~~~~~~~~~~~~~~~~~~~~^^
  File "/usr/lib/python3/dist-packages/requests/models.py", line 1024, in raise_for_status
    raise HTTPError(http_error_msg, response=self)
requests.exceptions.HTTPError: 400 Client Error: Bad Request for url: https://api.thingspeak.com/update
2026-07-21 12:53:10,042 | ERROR    | atmo_system | ThingSpeak upload failed; continuing operation
Traceback (most recent call last):
  File "/home/mariska/Desktop/Atmospheric-particle-sensor/readings.py", line 441, in upload
    response.raise_for_status()
    ~~~~~~~~~~~~~~~~~~~~~~~~~^^
  File "/usr/lib/python3/dist-packages/requests/models.py", line 1024, in raise_for_status
    raise HTTPError(http_error_msg, response=self)
requests.exceptions.HTTPError: 400 Client Error: Bad Request for url: https://api.thingspeak.com/update
2026-07-21 12:53:30,045 | ERROR    | atmo_system | ThingSpeak upload failed; continuing operation
Traceback (most recent call last):
  File "/home/mariska/Desktop/Atmospheric-particle-sensor/readings.py", line 441, in upload
    response.raise_for_status()
    ~~~~~~~~~~~~~~~~~~~~~~~~~^^
  File "/usr/lib/python3/dist-packages/requests/models.py", line 1024, in raise_for_status
    raise HTTPError(http_error_msg, response=self)
requests.exceptions.HTTPError: 400 Client Error: Bad Request for url: https://api.thingspeak.com/update
2026-07-21 12:53:50,070 | ERROR    | atmo_system | ThingSpeak upload failed; continuing operation
Traceback (most recent call last):
  File "/home/mariska/Desktop/Atmospheric-particle-sensor/readings.py", line 441, in upload
    response.raise_for_status()
    ~~~~~~~~~~~~~~~~~~~~~~~~~^^
  File "/usr/lib/python3/dist-packages/requests/models.py", line 1024, in raise_for_status
    raise HTTPError(http_error_msg, response=self)
requests.exceptions.HTTPError: 400 Client Error: Bad Request for url: https://api.thingspeak.com/update
2026-07-21 12:54:10,057 | ERROR    | atmo_system | ThingSpeak upload failed; continuing operation
Traceback (most recent call last):
  File "/home/mariska/Desktop/Atmospheric-particle-sensor/readings.py", line 441, in upload
    response.raise_for_status()
    ~~~~~~~~~~~~~~~~~~~~~~~~~^^
  File "/usr/lib/python3/dist-packages/requests/models.py", line 1024, in raise_for_status
    raise HTTPError(http_error_msg, response=self)
requests.exceptions.HTTPError: 400 Client Error: Bad Request for url: https://api.thingspeak.com/update
2026-07-21 12:54:30,056 | ERROR    | atmo_system | ThingSpeak upload failed; continuing operation
Traceback (most recent call last):
  File "/home/mariska/Desktop/Atmospheric-particle-sensor/readings.py", line 441, in upload
    response.raise_for_status()
    ~~~~~~~~~~~~~~~~~~~~~~~~~^^
  File "/usr/lib/python3/dist-packages/requests/models.py", line 1024, in raise_for_status
    raise HTTPError(http_error_msg, response=self)
requests.exceptions.HTTPError: 400 Client Error: Bad Request for url: https://api.thingspeak.com/update
2026-07-21 12:54:50,059 | ERROR    | atmo_system | ThingSpeak upload failed; continuing operation
Traceback (most recent call last):
  File "/home/mariska/Desktop/Atmospheric-particle-sensor/readings.py", line 441, in upload
    response.raise_for_status()
    ~~~~~~~~~~~~~~~~~~~~~~~~~^^
  File "/usr/lib/python3/dist-packages/requests/models.py", line 1024, in raise_for_status
    raise HTTPError(http_error_msg, response=self)
requests.exceptions.HTTPError: 400 Client Error: Bad Request for url: https://api.thingspeak.com/update
2026-07-21 12:55:10,060 | ERROR    | atmo_system | ThingSpeak upload failed; continuing operation
Traceback (most recent call last):
  File "/home/mariska/Desktop/Atmospheric-particle-sensor/readings.py", line 441, in upload
    response.raise_for_status()
    ~~~~~~~~~~~~~~~~~~~~~~~~~^^
  File "/usr/lib/python3/dist-packages/requests/models.py", line 1024, in raise_for_status
    raise HTTPError(http_error_msg, response=self)
requests.exceptions.HTTPError: 400 Client Error: Bad Request for url: https://api.thingspeak.com/update
2026-07-21 12:55:30,063 | ERROR    | atmo_system | ThingSpeak upload failed; continuing operation
Traceback (most recent call last):
  File "/home/mariska/Desktop/Atmospheric-particle-sensor/readings.py", line 441, in upload
    response.raise_for_status()
    ~~~~~~~~~~~~~~~~~~~~~~~~~^^
  File "/usr/lib/python3/dist-packages/requests/models.py", line 1024, in raise_for_status
    raise HTTPError(http_error_msg, response=self)
requests.exceptions.HTTPError: 400 Client Error: Bad Request for url: https://api.thingspeak.com/update
2026-07-21 12:55:50,097 | ERROR    | atmo_system | ThingSpeak upload failed; continuing operation
Traceback (most recent call last):
  File "/home/mariska/Desktop/Atmospheric-particle-sensor/readings.py", line 441, in upload
    response.raise_for_status()
    ~~~~~~~~~~~~~~~~~~~~~~~~~^^
  File "/usr/lib/python3/dist-packages/requests/models.py", line 1024, in raise_for_status
    raise HTTPError(http_error_msg, response=self)
requests.exceptions.HTTPError: 400 Client Error: Bad Request for url: https://api.thingspeak.com/update
2026-07-21 12:57:12,306 | INFO     | atmo_system | Starting atmospheric monitoring system
2026-07-21 12:57:12,520 | INFO     | atmo_system | Warming up PMS5003 particulate sensor...
2026-07-21 12:57:15,479 | INFO     | atmo_system | Entering main acquisition loop
2026-07-21 12:57:16,435 | ERROR    | atmo_system | ThingSpeak upload failed; continuing operation
Traceback (most recent call last):
  File "/home/mariska/Desktop/Atmospheric-particle-sensor/readings.py", line 441, in upload
    response.raise_for_status()
    ~~~~~~~~~~~~~~~~~~~~~~~~~^^
  File "/usr/lib/python3/dist-packages/requests/models.py", line 1024, in raise_for_status
    raise HTTPError(http_error_msg, response=self)
requests.exceptions.HTTPError: 400 Client Error: Bad Request for url: https://api.thingspeak.com/update
2026-07-21 12:57:37,249 | ERROR    | atmo_system | ThingSpeak upload failed; continuing operation
Traceback (most recent call last):
  File "/home/mariska/Desktop/Atmospheric-particle-sensor/readings.py", line 441, in upload
    response.raise_for_status()
    ~~~~~~~~~~~~~~~~~~~~~~~~~^^
  File "/usr/lib/python3/dist-packages/requests/models.py", line 1024, in raise_for_status
    raise HTTPError(http_error_msg, response=self)
requests.exceptions.HTTPError: 400 Client Error: Bad Request for url: https://api.thingspeak.com/update
2026-07-21 12:57:57,251 | ERROR    | atmo_system | ThingSpeak upload failed; continuing operation
Traceback (most recent call last):
  File "/home/mariska/Desktop/Atmospheric-particle-sensor/readings.py", line 441, in upload
    response.raise_for_status()
    ~~~~~~~~~~~~~~~~~~~~~~~~~^^
  File "/usr/lib/python3/dist-packages/requests/models.py", line 1024, in raise_for_status
    raise HTTPError(http_error_msg, response=self)
requests.exceptions.HTTPError: 400 Client Error: Bad Request for url: https://api.thingspeak.com/update
2026-07-21 12:58:17,274 | ERROR    | atmo_system | ThingSpeak upload failed; continuing operation
Traceback (most recent call last):
  File "/home/mariska/Desktop/Atmospheric-particle-sensor/readings.py", line 441, in upload
    response.raise_for_status()
    ~~~~~~~~~~~~~~~~~~~~~~~~~^^
  File "/usr/lib/python3/dist-packages/requests/models.py", line 1024, in raise_for_status
    raise HTTPError(http_error_msg, response=self)
requests.exceptions.HTTPError: 400 Client Error: Bad Request for url: https://api.thingspeak.com/update
2026-07-21 12:58:37,257 | ERROR    | atmo_system | ThingSpeak upload failed; continuing operation
Traceback (most recent call last):
  File "/home/mariska/Desktop/Atmospheric-particle-sensor/readings.py", line 441, in upload
    response.raise_for_status()
    ~~~~~~~~~~~~~~~~~~~~~~~~~^^
  File "/usr/lib/python3/dist-packages/requests/models.py", line 1024, in raise_for_status
    raise HTTPError(http_error_msg, response=self)
requests.exceptions.HTTPError: 400 Client Error: Bad Request for url: https://api.thingspeak.com/update
2026-07-21 12:58:57,255 | ERROR    | atmo_system | ThingSpeak upload failed; continuing operation
Traceback (most recent call last):
  File "/home/mariska/Desktop/Atmospheric-particle-sensor/readings.py", line 441, in upload
    response.raise_for_status()
    ~~~~~~~~~~~~~~~~~~~~~~~~~^^
  File "/usr/lib/python3/dist-packages/requests/models.py", line 1024, in raise_for_status
    raise HTTPError(http_error_msg, response=self)
requests.exceptions.HTTPError: 400 Client Error: Bad Request for url: https://api.thingspeak.com/update
2026-07-21 12:59:17,289 | ERROR    | atmo_system | ThingSpeak upload failed; continuing operation
Traceback (most recent call last):
  File "/home/mariska/Desktop/Atmospheric-particle-sensor/readings.py", line 441, in upload
    response.raise_for_status()
    ~~~~~~~~~~~~~~~~~~~~~~~~~^^
  File "/usr/lib/python3/dist-packages/requests/models.py", line 1024, in raise_for_status
    raise HTTPError(http_error_msg, response=self)
requests.exceptions.HTTPError: 400 Client Error: Bad Request for url: https://api.thingspeak.com/update
2026-07-21 12:59:38,262 | ERROR    | atmo_system | ThingSpeak upload failed; continuing operation
Traceback (most recent call last):
  File "/home/mariska/Desktop/Atmospheric-particle-sensor/readings.py", line 441, in upload
    response.raise_for_status()
    ~~~~~~~~~~~~~~~~~~~~~~~~~^^
  File "/usr/lib/python3/dist-packages/requests/models.py", line 1024, in raise_for_status
    raise HTTPError(http_error_msg, response=self)
requests.exceptions.HTTPError: 400 Client Error: Bad Request for url: https://api.thingspeak.com/update
2026-07-21 12:59:58,261 | ERROR    | atmo_system | ThingSpeak upload failed; continuing operation
Traceback (most recent call last):
  File "/home/mariska/Desktop/Atmospheric-particle-sensor/readings.py", line 441, in upload
    response.raise_for_status()
    ~~~~~~~~~~~~~~~~~~~~~~~~~^^
  File "/usr/lib/python3/dist-packages/requests/models.py", line 1024, in raise_for_status
    raise HTTPError(http_error_msg, response=self)
requests.exceptions.HTTPError: 400 Client Error: Bad Request for url: https://api.thingspeak.com/update
2026-07-21 13:36:24,352 | INFO     | atmo_system | Starting atmospheric monitoring system
2026-07-21 13:36:24,566 | INFO     | atmo_system | Warming up PMS5003 particulate sensor...
2026-07-21 13:36:27,527 | INFO     | atmo_system | Entering main loop
2026-07-21 13:36:28,459 | INFO     | atmo_system | Uploaded to ThingSpeak, entry_id=134
2026-07-21 13:36:48,369 | INFO     | atmo_system | Uploaded to ThingSpeak, entry_id=135
2026-07-21 13:37:08,367 | INFO     | atmo_system | Uploaded to ThingSpeak, entry_id=136
2026-07-21 13:37:28,478 | INFO     | atmo_system | Uploaded to ThingSpeak, entry_id=137
2026-07-21 13:37:48,484 | INFO     | atmo_system | Uploaded to ThingSpeak, entry_id=138
2026-07-21 13:38:08,494 | INFO     | atmo_system | Uploaded to ThingSpeak, entry_id=139
2026-07-21 13:38:28,676 | INFO     | atmo_system | Uploaded to ThingSpeak, entry_id=140
2026-07-21 13:38:48,583 | INFO     | atmo_system | Uploaded to ThingSpeak, entry_id=141
2026-07-21 13:39:08,580 | INFO     | atmo_system | Uploaded to ThingSpeak, entry_id=142
2026-07-21 13:39:33,681 | INFO     | atmo_system | Uploaded to ThingSpeak, entry_id=143
2026-07-21 13:39:48,770 | INFO     | atmo_system | Uploaded to ThingSpeak, entry_id=144
2026-07-21 13:40:08,881 | INFO     | atmo_system | Uploaded to ThingSpeak, entry_id=145
2026-07-21 13:40:28,898 | INFO     | atmo_system | Uploaded to ThingSpeak, entry_id=146
2026-07-21 13:40:48,897 | INFO     | atmo_system | Uploaded to ThingSpeak, entry_id=147
2026-07-21 13:41:09,005 | INFO     | atmo_system | Uploaded to ThingSpeak, entry_id=148
2026-07-21 13:41:29,024 | INFO     | atmo_system | Uploaded to ThingSpeak, entry_id=149
2026-07-21 13:41:49,041 | INFO     | atmo_system | Uploaded to ThingSpeak, entry_id=150
2026-07-21 13:42:09,047 | INFO     | atmo_system | Uploaded to ThingSpeak, entry_id=151
2026-07-21 13:42:29,066 | INFO     | atmo_system | Uploaded to ThingSpeak, entry_id=152
2026-07-21 13:42:49,061 | INFO     | atmo_system | Uploaded to ThingSpeak, entry_id=153
2026-07-21 13:43:09,176 | INFO     | atmo_system | Uploaded to ThingSpeak, entry_id=154
2026-07-21 13:43:29,363 | INFO     | atmo_system | Uploaded to ThingSpeak, entry_id=155
2026-07-21 13:43:49,268 | INFO     | atmo_system | Uploaded to ThingSpeak, entry_id=156
2026-07-21 13:44:09,344 | INFO     | atmo_system | Uploaded to ThingSpeak, entry_id=157
2026-07-21 13:44:29,375 | INFO     | atmo_system | Uploaded to ThingSpeak, entry_id=158
2026-07-21 13:44:49,372 | INFO     | atmo_system | Uploaded to ThingSpeak, entry_id=159
2026-07-21 13:45:09,470 | INFO     | atmo_system | Uploaded to ThingSpeak, entry_id=160
2026-07-21 13:45:29,605 | INFO     | atmo_system | Uploaded to ThingSpeak, entry_id=161
2026-07-21 13:45:49,611 | INFO     | atmo_system | Uploaded to ThingSpeak, entry_id=162
2026-07-21 13:46:09,609 | INFO     | atmo_system | Uploaded to ThingSpeak, entry_id=163
2026-07-21 13:46:29,710 | INFO     | atmo_system | Uploaded to ThingSpeak, entry_id=164
2026-07-21 13:46:49,706 | INFO     | atmo_system | Uploaded to ThingSpeak, entry_id=165
2026-07-21 13:47:09,815 | INFO     | atmo_system | Uploaded to ThingSpeak, entry_id=166
2026-07-21 13:47:29,839 | INFO     | atmo_system | Uploaded to ThingSpeak, entry_id=167
2026-07-21 13:47:49,838 | INFO     | atmo_system | Uploaded to ThingSpeak, entry_id=168
2026-07-21 13:48:10,125 | INFO     | atmo_system | Uploaded to ThingSpeak, entry_id=169
2026-07-21 13:48:30,031 | INFO     | atmo_system | Uploaded to ThingSpeak, entry_id=170
2026-07-21 13:48:50,042 | INFO     | atmo_system | Uploaded to ThingSpeak, entry_id=171
2026-07-21 13:49:10,051 | INFO     | atmo_system | Uploaded to ThingSpeak, entry_id=172
2026-07-21 13:49:30,069 | INFO     | atmo_system | Uploaded to ThingSpeak, entry_id=173
2026-07-21 13:49:50,082 | INFO     | atmo_system | Uploaded to ThingSpeak, entry_id=174
2026-07-21 13:50:10,082 | INFO     | atmo_system | Uploaded to ThingSpeak, entry_id=175
2026-07-21 13:50:30,209 | INFO     | atmo_system | Uploaded to ThingSpeak, entry_id=176
2026-07-21 13:50:50,207 | INFO     | atmo_system | Uploaded to ThingSpeak, entry_id=177
2026-07-21 13:51:10,328 | INFO     | atmo_system | Uploaded to ThingSpeak, entry_id=178
2026-07-21 13:51:30,327 | INFO     | atmo_system | Uploaded to ThingSpeak, entry_id=179
2026-07-21 13:51:50,437 | INFO     | atmo_system | Uploaded to ThingSpeak, entry_id=180
2026-07-21 13:52:10,447 | INFO     | atmo_system | Uploaded to ThingSpeak, entry_id=181
2026-07-21 13:52:30,460 | INFO     | atmo_system | Uploaded to ThingSpeak, entry_id=182
2026-07-21 13:52:50,457 | INFO     | atmo_system | Uploaded to ThingSpeak, entry_id=183
2026-07-21 13:53:10,551 | INFO     | atmo_system | Uploaded to ThingSpeak, entry_id=184
2026-07-21 13:53:30,674 | INFO     | atmo_system | Uploaded to ThingSpeak, entry_id=185
2026-07-21 13:53:50,677 | INFO     | atmo_system | Uploaded to ThingSpeak, entry_id=186
2026-07-21 13:54:10,674 | INFO     | atmo_system | Uploaded to ThingSpeak, entry_id=187
2026-07-21 13:54:30,813 | INFO     | atmo_system | Uploaded to ThingSpeak, entry_id=188
2026-07-21 13:54:50,834 | INFO     | atmo_system | Uploaded to ThingSpeak, entry_id=189
2026-07-21 13:55:10,839 | INFO     | atmo_system | Uploaded to ThingSpeak, entry_id=190
2026-07-21 13:55:30,850 | INFO     | atmo_system | Uploaded to ThingSpeak, entry_id=191
2026-07-21 13:55:50,870 | INFO     | atmo_system | Uploaded to ThingSpeak, entry_id=192
2026-07-21 13:56:10,874 | INFO     | atmo_system | Uploaded to ThingSpeak, entry_id=193
2026-07-21 13:56:30,876 | INFO     | atmo_system | Uploaded to ThingSpeak, entry_id=194
2026-07-21 13:56:50,881 | INFO     | atmo_system | Uploaded to ThingSpeak, entry_id=195
2026-07-21 13:57:10,882 | INFO     | atmo_system | Uploaded to ThingSpeak, entry_id=196
2026-07-21 13:57:31,067 | INFO     | atmo_system | Uploaded to ThingSpeak, entry_id=197
2026-07-21 13:57:50,970 | INFO     | atmo_system | Uploaded to ThingSpeak, entry_id=198
2026-07-21 13:58:10,968 | INFO     | atmo_system | Uploaded to ThingSpeak, entry_id=199
2026-07-21 13:58:31,097 | INFO     | atmo_system | Uploaded to ThingSpeak, entry_id=200
2026-07-21 13:58:51,098 | INFO     | atmo_system | Uploaded to ThingSpeak, entry_id=201
2026-07-21 13:59:11,098 | INFO     | atmo_system | Uploaded to ThingSpeak, entry_id=202
2026-07-21 13:59:31,225 | INFO     | atmo_system | Uploaded to ThingSpeak, entry_id=203
2026-07-21 13:59:51,227 | INFO     | atmo_system | Uploaded to ThingSpeak, entry_id=204
2026-07-21 14:00:11,239 | INFO     | atmo_system | Uploaded to ThingSpeak, entry_id=205
2026-07-21 14:00:31,276 | INFO     | atmo_system | Uploaded to ThingSpeak, entry_id=206
2026-07-21 14:00:51,279 | INFO     | atmo_system | Uploaded to ThingSpeak, entry_id=207
2026-07-21 14:01:11,282 | INFO     | atmo_system | Uploaded to ThingSpeak, entry_id=208
2026-07-21 14:01:31,306 | INFO     | atmo_system | Uploaded to ThingSpeak, entry_id=209
2026-07-21 14:01:51,316 | INFO     | atmo_system | Uploaded to ThingSpeak, entry_id=210
2026-07-21 14:02:11,323 | INFO     | atmo_system | Uploaded to ThingSpeak, entry_id=211
2026-07-21 14:02:31,495 | INFO     | atmo_system | Uploaded to ThingSpeak, entry_id=212
2026-07-21 14:02:51,394 | INFO     | atmo_system | Uploaded to ThingSpeak, entry_id=213
2026-07-21 14:03:11,507 | INFO     | atmo_system | Uploaded to ThingSpeak, entry_id=214
2026-07-21 14:03:31,531 | INFO     | atmo_system | Uploaded to ThingSpeak, entry_id=215
2026-07-21 14:03:51,582 | INFO     | atmo_system | Uploaded to ThingSpeak, entry_id=216
2026-07-21 14:04:11,596 | INFO     | atmo_system | Uploaded to ThingSpeak, entry_id=217
2026-07-21 14:04:31,604 | INFO     | atmo_system | Uploaded to ThingSpeak, entry_id=218
2026-07-21 14:04:51,609 | INFO     | atmo_system | Uploaded to ThingSpeak, entry_id=219
2026-07-21 14:05:11,621 | INFO     | atmo_system | Uploaded to ThingSpeak, entry_id=220
2026-07-21 14:05:31,635 | INFO     | atmo_system | Uploaded to ThingSpeak, entry_id=221
2026-07-21 14:05:51,637 | INFO     | atmo_system | Uploaded to ThingSpeak, entry_id=222
2026-07-21 14:06:11,634 | INFO     | atmo_system | Uploaded to ThingSpeak, entry_id=223
2026-07-21 14:06:31,765 | INFO     | atmo_system | Uploaded to ThingSpeak, entry_id=224
2026-07-21 14:06:51,769 | INFO     | atmo_system | Uploaded to ThingSpeak, entry_id=225
2026-07-21 14:07:11,785 | INFO     | atmo_system | Uploaded to ThingSpeak, entry_id=226
2026-07-21 14:07:31,975 | INFO     | atmo_system | Uploaded to ThingSpeak, entry_id=227
2026-07-21 14:07:51,871 | INFO     | atmo_system | Uploaded to ThingSpeak, entry_id=228
2026-07-21 14:08:11,979 | INFO     | atmo_system | Uploaded to ThingSpeak, entry_id=229
2026-07-21 14:08:32,007 | INFO     | atmo_system | Uploaded to ThingSpeak, entry_id=230
2026-07-21 14:08:52,006 | INFO     | atmo_system | Uploaded to ThingSpeak, entry_id=231
2026-07-21 14:09:12,105 | INFO     | atmo_system | Uploaded to ThingSpeak, entry_id=232
2026-07-21 14:09:32,224 | INFO     | atmo_system | Uploaded to ThingSpeak, entry_id=233
2026-07-21 14:09:52,241 | INFO     | atmo_system | Uploaded to ThingSpeak, entry_id=234
2026-07-21 14:10:12,245 | INFO     | atmo_system | Uploaded to ThingSpeak, entry_id=235
2026-07-21 14:10:32,276 | INFO     | atmo_system | Uploaded to ThingSpeak, entry_id=236
2026-07-21 14:10:52,290 | INFO     | atmo_system | Uploaded to ThingSpeak, entry_id=237
2026-07-21 14:11:12,290 | INFO     | atmo_system | Uploaded to ThingSpeak, entry_id=238
2026-07-21 14:11:32,307 | INFO     | atmo_system | Uploaded to ThingSpeak, entry_id=239
2026-07-21 14:11:52,332 | INFO     | atmo_system | Uploaded to ThingSpeak, entry_id=240
2026-07-21 14:12:12,359 | INFO     | atmo_system | Uploaded to ThingSpeak, entry_id=241
2026-07-21 14:12:32,551 | INFO     | atmo_system | Uploaded to ThingSpeak, entry_id=242
2026-07-21 14:12:52,447 | INFO     | atmo_system | Uploaded to ThingSpeak, entry_id=243
2026-07-21 14:13:12,556 | INFO     | atmo_system | Uploaded to ThingSpeak, entry_id=244
2026-07-21 14:13:32,578 | INFO     | atmo_system | Uploaded to ThingSpeak, entry_id=245
2026-07-21 14:13:52,578 | INFO     | atmo_system | Uploaded to ThingSpeak, entry_id=246
2026-07-21 14:14:12,581 | INFO     | atmo_system | Uploaded to ThingSpeak, entry_id=247
2026-07-21 14:14:32,604 | INFO     | atmo_system | Uploaded to ThingSpeak, entry_id=248
2026-07-21 14:14:52,615 | INFO     | atmo_system | Uploaded to ThingSpeak, entry_id=249
2026-07-21 14:15:12,617 | INFO     | atmo_system | Uploaded to ThingSpeak, entry_id=250
2026-07-21 14:15:32,725 | INFO     | atmo_system | Uploaded to ThingSpeak, entry_id=251
2026-07-21 14:15:52,740 | INFO     | atmo_system | Uploaded to ThingSpeak, entry_id=252
2026-07-21 14:16:12,741 | INFO     | atmo_system | Uploaded to ThingSpeak, entry_id=253
2026-07-21 14:16:32,747 | INFO     | atmo_system | Uploaded to ThingSpeak, entry_id=254
2026-07-21 14:16:52,747 | INFO     | atmo_system | Uploaded to ThingSpeak, entry_id=255
2026-07-21 14:17:12,842 | INFO     | atmo_system | Uploaded to ThingSpeak, entry_id=256
2026-07-21 14:17:33,018 | INFO     | atmo_system | Uploaded to ThingSpeak, entry_id=257
2026-07-21 14:17:52,916 | INFO     | atmo_system | Uploaded to ThingSpeak, entry_id=258
2026-07-21 14:18:13,039 | INFO     | atmo_system | Uploaded to ThingSpeak, entry_id=259
2026-07-21 14:18:33,058 | INFO     | atmo_system | Uploaded to ThingSpeak, entry_id=260
2026-07-21 14:18:53,061 | INFO     | atmo_system | Uploaded to ThingSpeak, entry_id=261
2026-07-21 14:19:13,071 | INFO     | atmo_system | Uploaded to ThingSpeak, entry_id=262
2026-07-21 14:19:38,275 | INFO     | atmo_system | Uploaded to ThingSpeak, entry_id=263
2026-07-21 14:19:53,065 | WARNING  | atmo_system | ThingSpeak accepted the request but rejected the update (rate limit or invalid key). Response: 0
2026-07-21 14:20:13,186 | INFO     | atmo_system | Uploaded to ThingSpeak, entry_id=264
2026-07-21 14:20:33,228 | INFO     | atmo_system | Uploaded to ThingSpeak, entry_id=265
2026-07-21 14:20:53,243 | INFO     | atmo_system | Uploaded to ThingSpeak, entry_id=266
2026-07-21 14:21:13,244 | INFO     | atmo_system | Uploaded to ThingSpeak, entry_id=267
2026-07-21 14:21:33,272 | INFO     | atmo_system | Uploaded to ThingSpeak, entry_id=268
2026-07-21 14:21:53,317 | INFO     | atmo_system | Uploaded to ThingSpeak, entry_id=269
2026-07-21 14:22:13,340 | INFO     | atmo_system | Uploaded to ThingSpeak, entry_id=270
2026-07-21 14:22:33,514 | INFO     | atmo_system | Uploaded to ThingSpeak, entry_id=271
2026-07-21 14:22:53,412 | INFO     | atmo_system | Uploaded to ThingSpeak, entry_id=272
2026-07-21 14:23:13,515 | INFO     | atmo_system | Uploaded to ThingSpeak, entry_id=273
2026-07-21 14:23:33,563 | INFO     | atmo_system | Uploaded to ThingSpeak, entry_id=274
2026-07-21 14:23:53,574 | INFO     | atmo_system | Uploaded to ThingSpeak, entry_id=275
2026-07-21 14:24:13,588 | INFO     | atmo_system | Uploaded to ThingSpeak, entry_id=276
2026-07-21 14:24:33,617 | INFO     | atmo_system | Uploaded to ThingSpeak, entry_id=277
2026-07-21 14:24:53,615 | INFO     | atmo_system | Uploaded to ThingSpeak, entry_id=278
2026-07-21 14:25:13,712 | INFO     | atmo_system | Uploaded to ThingSpeak, entry_id=279
2026-07-21 14:25:33,819 | INFO     | atmo_system | Uploaded to ThingSpeak, entry_id=280
2026-07-21 14:25:53,828 | INFO     | atmo_system | Uploaded to ThingSpeak, entry_id=281
2026-07-21 14:26:13,837 | INFO     | atmo_system | Uploaded to ThingSpeak, entry_id=282
2026-07-21 14:26:33,857 | INFO     | atmo_system | Uploaded to ThingSpeak, entry_id=283
2026-07-21 14:26:53,868 | INFO     | atmo_system | Uploaded to ThingSpeak, entry_id=284
2026-07-21 14:27:13,863 | INFO     | atmo_system | Uploaded to ThingSpeak, entry_id=285
2026-07-21 14:27:34,158 | INFO     | atmo_system | Uploaded to ThingSpeak, entry_id=286
2026-07-21 14:27:54,060 | INFO     | atmo_system | Uploaded to ThingSpeak, entry_id=287
2026-07-21 14:28:14,073 | INFO     | atmo_system | Uploaded to ThingSpeak, entry_id=288
2026-07-21 14:28:34,102 | INFO     | atmo_system | Uploaded to ThingSpeak, entry_id=289
2026-07-21 14:28:54,097 | INFO     | atmo_system | Uploaded to ThingSpeak, entry_id=290
2026-07-21 14:29:14,207 | INFO     | atmo_system | Uploaded to ThingSpeak, entry_id=291
2026-07-21 14:29:34,248 | INFO     | atmo_system | Uploaded to ThingSpeak, entry_id=292
2026-07-21 14:29:54,264 | INFO     | atmo_system | Uploaded to ThingSpeak, entry_id=293
2026-07-21 14:30:14,263 | INFO     | atmo_system | Uploaded to ThingSpeak, entry_id=294
2026-07-21 14:30:34,397 | INFO     | atmo_system | Uploaded to ThingSpeak, entry_id=295
2026-07-21 14:30:54,395 | INFO     | atmo_system | Uploaded to ThingSpeak, entry_id=296
2026-07-21 14:31:14,510 | INFO     | atmo_system | Uploaded to ThingSpeak, entry_id=297
2026-07-21 14:31:34,430 | INFO     | atmo_system | Uploaded to ThingSpeak, entry_id=298
2026-07-21 14:31:54,448 | INFO     | atmo_system | Uploaded to ThingSpeak, entry_id=299
2026-07-21 14:32:14,455 | INFO     | atmo_system | Uploaded to ThingSpeak, entry_id=300
2026-07-21 14:32:34,644 | INFO     | atmo_system | Uploaded to ThingSpeak, entry_id=301
2026-07-21 14:32:54,552 | INFO     | atmo_system | Uploaded to ThingSpeak, entry_id=302
2026-07-21 14:33:14,567 | INFO     | atmo_system | Uploaded to ThingSpeak, entry_id=303
2026-07-21 14:33:34,585 | INFO     | atmo_system | Uploaded to ThingSpeak, entry_id=304
2026-07-21 14:33:54,599 | INFO     | atmo_system | Uploaded to ThingSpeak, entry_id=305
2026-07-21 14:34:14,618 | INFO     | atmo_system | Uploaded to ThingSpeak, entry_id=306
2026-07-21 14:34:34,629 | INFO     | atmo_system | Uploaded to ThingSpeak, entry_id=307
2026-07-21 14:34:54,643 | INFO     | atmo_system | Uploaded to ThingSpeak, entry_id=308
2026-07-21 14:35:14,639 | INFO     | atmo_system | Uploaded to ThingSpeak, entry_id=309
2026-07-21 14:35:34,740 | INFO     | atmo_system | Uploaded to ThingSpeak, entry_id=310
2026-07-21 14:35:54,740 | INFO     | atmo_system | Uploaded to ThingSpeak, entry_id=311
2026-07-21 14:36:14,849 | INFO     | atmo_system | Uploaded to ThingSpeak, entry_id=312
2026-07-21 14:36:34,856 | INFO     | atmo_system | Uploaded to ThingSpeak, entry_id=313
2026-07-21 14:36:54,854 | INFO     | atmo_system | Uploaded to ThingSpeak, entry_id=314
2026-07-21 14:37:14,958 | INFO     | atmo_system | Uploaded to ThingSpeak, entry_id=315
2026-07-21 14:37:35,146 | INFO     | atmo_system | Uploaded to ThingSpeak, entry_id=316
2026-07-21 14:37:55,037 | INFO     | atmo_system | Uploaded to ThingSpeak, entry_id=317
2026-07-21 14:38:15,132 | INFO     | atmo_system | Uploaded to ThingSpeak, entry_id=318
2026-07-21 14:38:35,240 | INFO     | atmo_system | Uploaded to ThingSpeak, entry_id=319
2026-07-21 14:38:55,250 | INFO     | atmo_system | Uploaded to ThingSpeak, entry_id=320
2026-07-21 14:39:15,247 | INFO     | atmo_system | Uploaded to ThingSpeak, entry_id=321
2026-07-21 14:39:35,630 | INFO     | atmo_system | Uploaded to ThingSpeak, entry_id=322
2026-07-21 14:39:55,439 | INFO     | atmo_system | Uploaded to ThingSpeak, entry_id=323
2026-07-21 14:40:15,439 | INFO     | atmo_system | Uploaded to ThingSpeak, entry_id=324
2026-07-21 14:40:35,521 | INFO     | atmo_system | Uploaded to ThingSpeak, entry_id=325
2026-07-21 14:40:55,519 | INFO     | atmo_system | Uploaded to ThingSpeak, entry_id=326
2026-07-21 14:41:15,615 | INFO     | atmo_system | Uploaded to ThingSpeak, entry_id=327
2026-07-21 14:41:35,720 | INFO     | atmo_system | Uploaded to ThingSpeak, entry_id=328
2026-07-21 14:41:55,730 | INFO     | atmo_system | Uploaded to ThingSpeak, entry_id=329
2026-07-21 14:42:15,741 | INFO     | atmo_system | Uploaded to ThingSpeak, entry_id=330
2026-07-21 14:42:35,928 | INFO     | atmo_system | Uploaded to ThingSpeak, entry_id=331
2026-07-21 14:42:55,829 | INFO     | atmo_system | Uploaded to ThingSpeak, entry_id=332
2026-07-21 14:43:15,933 | INFO     | atmo_system | Uploaded to ThingSpeak, entry_id=333
2026-07-21 14:43:35,945 | INFO     | atmo_system | Uploaded to ThingSpeak, entry_id=334
2026-07-21 14:43:55,953 | INFO     | atmo_system | Uploaded to ThingSpeak, entry_id=335
2026-07-21 14:44:15,965 | INFO     | atmo_system | Uploaded to ThingSpeak, entry_id=336
2026-07-21 14:44:35,967 | INFO     | atmo_system | Uploaded to ThingSpeak, entry_id=337
2026-07-21 14:44:55,969 | INFO     | atmo_system | Uploaded to ThingSpeak, entry_id=338
2026-07-21 14:45:16,063 | INFO     | atmo_system | Uploaded to ThingSpeak, entry_id=339
2026-07-21 14:45:36,178 | INFO     | atmo_system | Uploaded to ThingSpeak, entry_id=340
2026-07-21 14:45:56,177 | INFO     | atmo_system | Uploaded to ThingSpeak, entry_id=341
2026-07-21 14:46:16,271 | INFO     | atmo_system | Uploaded to ThingSpeak, entry_id=342
2026-07-21 14:46:36,407 | INFO     | atmo_system | Uploaded to ThingSpeak, entry_id=343
2026-07-21 14:46:56,408 | INFO     | atmo_system | Uploaded to ThingSpeak, entry_id=344
2026-07-21 14:47:16,402 | INFO     | atmo_system | Uploaded to ThingSpeak, entry_id=345
2026-07-21 14:47:36,678 | INFO     | atmo_system | Uploaded to ThingSpeak, entry_id=346
2026-07-21 14:47:56,584 | INFO     | atmo_system | Uploaded to ThingSpeak, entry_id=347
2026-07-21 14:48:16,595 | INFO     | atmo_system | Uploaded to ThingSpeak, entry_id=348
2026-07-21 14:48:36,624 | INFO     | atmo_system | Uploaded to ThingSpeak, entry_id=349
2026-07-21 14:48:56,634 | INFO     | atmo_system | Uploaded to ThingSpeak, entry_id=350
2026-07-21 14:49:16,650 | INFO     | atmo_system | Uploaded to ThingSpeak, entry_id=351
2026-07-21 14:49:36,665 | INFO     | atmo_system | Uploaded to ThingSpeak, entry_id=352
2026-07-21 14:49:56,671 | INFO     | atmo_system | Uploaded to ThingSpeak, entry_id=353
2026-07-21 14:50:16,672 | INFO     | atmo_system | Uploaded to ThingSpeak, entry_id=354
2026-07-21 14:50:36,693 | INFO     | atmo_system | Uploaded to ThingSpeak, entry_id=355
2026-07-21 14:50:56,702 | INFO     | atmo_system | Uploaded to ThingSpeak, entry_id=356
2026-07-21 14:51:16,700 | INFO     | atmo_system | Uploaded to ThingSpeak, entry_id=357
2026-07-21 14:51:36,813 | INFO     | atmo_system | Uploaded to ThingSpeak, entry_id=358
2026-07-21 14:51:56,815 | INFO     | atmo_system | Uploaded to ThingSpeak, entry_id=359
2026-07-21 14:52:16,813 | INFO     | atmo_system | Uploaded to ThingSpeak, entry_id=360
2026-07-21 14:52:37,097 | INFO     | atmo_system | Uploaded to ThingSpeak, entry_id=361
2026-07-21 14:52:56,994 | INFO     | atmo_system | Uploaded to ThingSpeak, entry_id=362
2026-07-21 14:53:17,090 | INFO     | atmo_system | Uploaded to ThingSpeak, entry_id=363
2026-07-21 14:53:37,207 | INFO     | atmo_system | Uploaded to ThingSpeak, entry_id=364
2026-07-21 14:53:57,205 | INFO     | atmo_system | Uploaded to ThingSpeak, entry_id=365
2026-07-21 14:54:17,317 | INFO     | atmo_system | Uploaded to ThingSpeak, entry_id=366
2026-07-21 14:54:37,333 | INFO     | atmo_system | Uploaded to ThingSpeak, entry_id=367
2026-07-21 14:54:57,331 | INFO     | atmo_system | Uploaded to ThingSpeak, entry_id=368
2026-07-21 14:55:17,438 | INFO     | atmo_system | Uploaded to ThingSpeak, entry_id=369
2026-07-21 14:55:37,479 | INFO     | atmo_system | Uploaded to ThingSpeak, entry_id=370
2026-07-21 14:55:57,491 | INFO     | atmo_system | Uploaded to ThingSpeak, entry_id=371
2026-07-21 14:56:17,483 | INFO     | atmo_system | Uploaded to ThingSpeak, entry_id=372
2026-07-21 14:56:37,600 | INFO     | atmo_system | Uploaded to ThingSpeak, entry_id=373
2026-07-21 14:56:57,607 | INFO     | atmo_system | Uploaded to ThingSpeak, entry_id=374
2026-07-21 14:57:17,603 | INFO     | atmo_system | Uploaded to ThingSpeak, entry_id=375
2026-07-21 14:57:37,877 | INFO     | atmo_system | Uploaded to ThingSpeak, entry_id=376
2026-07-21 14:57:57,781 | INFO     | atmo_system | Uploaded to ThingSpeak, entry_id=377
2026-07-21 14:58:17,779 | INFO     | atmo_system | Uploaded to ThingSpeak, entry_id=378
2026-07-21 14:58:37,894 | INFO     | atmo_system | Uploaded to ThingSpeak, entry_id=379
2026-07-21 14:58:57,887 | INFO     | atmo_system | Uploaded to ThingSpeak, entry_id=380
2026-07-21 14:59:17,989 | INFO     | atmo_system | Uploaded to ThingSpeak, entry_id=381
2026-07-21 14:59:43,031 | INFO     | atmo_system | Uploaded to ThingSpeak, entry_id=382
2026-07-21 14:59:58,025 | INFO     | atmo_system | Uploaded to ThingSpeak, entry_id=383
2026-07-21 15:00:18,131 | INFO     | atmo_system | Uploaded to ThingSpeak, entry_id=384
2026-07-21 15:00:38,151 | INFO     | atmo_system | Uploaded to ThingSpeak, entry_id=385
2026-07-21 15:00:58,153 | INFO     | atmo_system | Uploaded to ThingSpeak, entry_id=386
2026-07-21 15:01:18,160 | INFO     | atmo_system | Uploaded to ThingSpeak, entry_id=387
2026-07-21 15:01:38,209 | INFO     | atmo_system | Uploaded to ThingSpeak, entry_id=388
2026-07-21 15:01:58,214 | INFO     | atmo_system | Uploaded to ThingSpeak, entry_id=389
2026-07-21 15:02:18,213 | INFO     | atmo_system | Uploaded to ThingSpeak, entry_id=390
2026-07-21 15:02:38,497 | INFO     | atmo_system | Uploaded to ThingSpeak, entry_id=391
2026-07-21 15:02:58,408 | INFO     | atmo_system | Uploaded to ThingSpeak, entry_id=392
2026-07-21 15:03:18,411 | INFO     | atmo_system | Uploaded to ThingSpeak, entry_id=393
2026-07-21 15:03:38,434 | INFO     | atmo_system | Uploaded to ThingSpeak, entry_id=394
2026-07-21 15:03:58,434 | INFO     | atmo_system | Uploaded to ThingSpeak, entry_id=395
2026-07-21 15:04:18,450 | INFO     | atmo_system | Uploaded to ThingSpeak, entry_id=396
2026-07-21 15:04:38,459 | INFO     | atmo_system | Uploaded to ThingSpeak, entry_id=397
2026-07-21 15:04:58,456 | INFO     | atmo_system | Uploaded to ThingSpeak, entry_id=398
2026-07-21 15:05:18,554 | INFO     | atmo_system | Uploaded to ThingSpeak, entry_id=399
2026-07-21 15:05:38,678 | INFO     | atmo_system | Uploaded to ThingSpeak, entry_id=400
2026-07-21 15:05:58,689 | INFO     | atmo_system | Uploaded to ThingSpeak, entry_id=401
2026-07-21 15:06:18,701 | INFO     | atmo_system | Uploaded to ThingSpeak, entry_id=402
2026-07-21 15:06:38,738 | INFO     | atmo_system | Uploaded to ThingSpeak, entry_id=403
2026-07-21 15:06:58,747 | INFO     | atmo_system | Uploaded to ThingSpeak, entry_id=404
2026-07-21 15:07:18,752 | INFO     | atmo_system | Uploaded to ThingSpeak, entry_id=405
2026-07-21 15:07:38,939 | INFO     | atmo_system | Uploaded to ThingSpeak, entry_id=406
2026-07-21 15:07:58,850 | INFO     | atmo_system | Uploaded to ThingSpeak, entry_id=407
2026-07-21 15:08:18,850 | INFO     | atmo_system | Uploaded to ThingSpeak, entry_id=408
2026-07-21 15:08:38,878 | INFO     | atmo_system | Uploaded to ThingSpeak, entry_id=409
2026-07-21 15:08:58,880 | INFO     | atmo_system | Uploaded to ThingSpeak, entry_id=410
2026-07-21 15:09:18,890 | INFO     | atmo_system | Uploaded to ThingSpeak, entry_id=411
2026-07-21 15:09:38,921 | INFO     | atmo_system | Uploaded to ThingSpeak, entry_id=412
2026-07-21 15:09:58,921 | INFO     | atmo_system | Uploaded to ThingSpeak, entry_id=413
2026-07-21 15:10:18,931 | INFO     | atmo_system | Uploaded to ThingSpeak, entry_id=414
2026-07-21 15:10:38,983 | INFO     | atmo_system | Uploaded to ThingSpeak, entry_id=415
2026-07-21 15:10:58,997 | INFO     | atmo_system | Uploaded to ThingSpeak, entry_id=416
2026-07-21 15:11:19,008 | INFO     | atmo_system | Uploaded to ThingSpeak, entry_id=417
2026-07-21 15:11:39,017 | INFO     | atmo_system | Uploaded to ThingSpeak, entry_id=418
2026-07-21 15:11:59,013 | INFO     | atmo_system | Uploaded to ThingSpeak, entry_id=419
2026-07-21 15:12:19,121 | INFO     | atmo_system | Uploaded to ThingSpeak, entry_id=420
2026-07-21 15:12:39,148 | INFO     | atmo_system | Uploaded to ThingSpeak, entry_id=421
2026-07-21 15:12:59,173 | INFO     | atmo_system | Uploaded to ThingSpeak, entry_id=422
2026-07-21 15:13:19,176 | INFO     | atmo_system | Uploaded to ThingSpeak, entry_id=423
2026-07-21 15:13:39,277 | INFO     | atmo_system | Uploaded to ThingSpeak, entry_id=424
2026-07-21 15:13:59,294 | INFO     | atmo_system | Uploaded to ThingSpeak, entry_id=425
2026-07-21 15:14:19,299 | INFO     | atmo_system | Uploaded to ThingSpeak, entry_id=426
2026-07-21 15:14:39,326 | INFO     | atmo_system | Uploaded to ThingSpeak, entry_id=427
2026-07-21 15:15:01,218 | INFO     | atmo_system | Uploaded to ThingSpeak, entry_id=428
2026-07-21 15:15:19,428 | INFO     | atmo_system | Uploaded to ThingSpeak, entry_id=429
2026-07-21 15:15:39,451 | INFO     | atmo_system | Uploaded to ThingSpeak, entry_id=430
2026-07-21 15:15:59,450 | INFO     | atmo_system | Uploaded to ThingSpeak, entry_id=431
2026-07-21 15:16:19,462 | INFO     | atmo_system | Uploaded to ThingSpeak, entry_id=432
2026-07-21 15:16:39,487 | INFO     | atmo_system | Uploaded to ThingSpeak, entry_id=433
2026-07-21 15:16:59,502 | INFO     | atmo_system | Uploaded to ThingSpeak, entry_id=434
2026-07-21 15:17:19,564 | INFO     | atmo_system | Uploaded to ThingSpeak, entry_id=435
2026-07-21 15:17:39,582 | INFO     | atmo_system | Uploaded to ThingSpeak, entry_id=436
2026-07-21 15:17:59,599 | INFO     | atmo_system | Uploaded to ThingSpeak, entry_id=437
2026-07-21 15:18:19,794 | INFO     | atmo_system | Uploaded to ThingSpeak, entry_id=438
2026-07-21 15:18:39,714 | INFO     | atmo_system | Uploaded to ThingSpeak, entry_id=439
2026-07-21 15:18:59,725 | INFO     | atmo_system | Uploaded to ThingSpeak, entry_id=440
2026-07-21 15:19:19,833 | INFO     | atmo_system | Uploaded to ThingSpeak, entry_id=441
2026-07-21 15:19:41,107 | INFO     | atmo_system | Uploaded to ThingSpeak, entry_id=442
2026-07-21 15:19:59,916 | INFO     | atmo_system | Uploaded to ThingSpeak, entry_id=443
2026-07-21 15:20:19,917 | INFO     | atmo_system | Uploaded to ThingSpeak, entry_id=444
2026-07-21 15:20:39,934 | INFO     | atmo_system | Uploaded to ThingSpeak, entry_id=445
2026-07-21 15:20:59,941 | INFO     | atmo_system | Uploaded to ThingSpeak, entry_id=446
2026-07-21 15:21:19,953 | INFO     | atmo_system | Uploaded to ThingSpeak, entry_id=447
2026-07-21 15:21:39,965 | INFO     | atmo_system | Uploaded to ThingSpeak, entry_id=448
2026-07-21 15:21:59,960 | INFO     | atmo_system | Uploaded to ThingSpeak, entry_id=449
2026-07-21 15:22:20,060 | INFO     | atmo_system | Uploaded to ThingSpeak, entry_id=450
2026-07-21 15:22:40,192 | INFO     | atmo_system | Uploaded to ThingSpeak, entry_id=451
2026-07-21 15:23:00,210 | INFO     | atmo_system | Uploaded to ThingSpeak, entry_id=452
2026-07-21 15:23:20,224 | INFO     | atmo_system | Uploaded to ThingSpeak, entry_id=453
2026-07-21 15:23:40,401 | INFO     | atmo_system | Uploaded to ThingSpeak, entry_id=454
2026-07-21 15:24:00,308 | INFO     | atmo_system | Uploaded to ThingSpeak, entry_id=455
2026-07-21 15:24:20,338 | INFO     | atmo_system | Uploaded to ThingSpeak, entry_id=456
2026-07-21 15:24:40,372 | INFO     | atmo_system | Uploaded to ThingSpeak, entry_id=457
2026-07-21 15:25:00,375 | INFO     | atmo_system | Uploaded to ThingSpeak, entry_id=458
2026-07-21 15:25:20,476 | INFO     | atmo_system | Uploaded to ThingSpeak, entry_id=459
2026-07-21 15:25:40,505 | INFO     | atmo_system | Uploaded to ThingSpeak, entry_id=460
2026-07-21 15:26:00,515 | INFO     | atmo_system | Uploaded to ThingSpeak, entry_id=461
2026-07-21 15:26:20,517 | INFO     | atmo_system | Uploaded to ThingSpeak, entry_id=462
2026-07-21 15:26:40,520 | INFO     | atmo_system | Uploaded to ThingSpeak, entry_id=463
2026-07-21 15:27:00,530 | INFO     | atmo_system | Uploaded to ThingSpeak, entry_id=464
2026-07-21 15:27:20,538 | INFO     | atmo_system | Uploaded to ThingSpeak, entry_id=465
2026-07-21 15:27:40,541 | INFO     | atmo_system | Uploaded to ThingSpeak, entry_id=466
2026-07-21 15:28:00,552 | INFO     | atmo_system | Uploaded to ThingSpeak, entry_id=467
2026-07-21 15:28:20,550 | INFO     | atmo_system | Uploaded to ThingSpeak, entry_id=468
2026-07-21 15:28:40,676 | INFO     | atmo_system | Uploaded to ThingSpeak, entry_id=469
2026-07-21 15:29:00,676 | INFO     | atmo_system | Uploaded to ThingSpeak, entry_id=470
2026-07-21 15:29:20,773 | INFO     | atmo_system | Uploaded to ThingSpeak, entry_id=471
2026-07-21 15:29:40,881 | INFO     | atmo_system | Uploaded to ThingSpeak, entry_id=472
2026-07-21 15:30:00,899 | INFO     | atmo_system | Uploaded to ThingSpeak, entry_id=473
2026-07-21 15:30:20,903 | INFO     | atmo_system | Uploaded to ThingSpeak, entry_id=474
2026-07-21 15:30:40,931 | INFO     | atmo_system | Uploaded to ThingSpeak, entry_id=475
2026-07-21 15:31:00,934 | INFO     | atmo_system | Uploaded to ThingSpeak, entry_id=476
2026-07-21 15:31:20,938 | INFO     | atmo_system | Uploaded to ThingSpeak, entry_id=477
2026-07-21 15:31:40,971 | INFO     | atmo_system | Uploaded to ThingSpeak, entry_id=478
2026-07-21 15:32:00,983 | INFO     | atmo_system | Uploaded to ThingSpeak, entry_id=479
2026-07-21 15:32:20,988 | INFO     | atmo_system | Uploaded to ThingSpeak, entry_id=480
2026-07-21 15:32:40,998 | INFO     | atmo_system | Uploaded to ThingSpeak, entry_id=481
2026-07-21 15:33:01,005 | INFO     | atmo_system | Uploaded to ThingSpeak, entry_id=482
2026-07-21 15:33:21,023 | INFO     | atmo_system | Uploaded to ThingSpeak, entry_id=483
2026-07-21 15:33:41,201 | INFO     | atmo_system | Uploaded to ThingSpeak, entry_id=484
2026-07-21 15:34:01,119 | INFO     | atmo_system | Uploaded to ThingSpeak, entry_id=485
2026-07-21 15:34:21,125 | INFO     | atmo_system | Uploaded to ThingSpeak, entry_id=486
2026-07-21 15:34:41,206 | INFO     | atmo_system | Uploaded to ThingSpeak, entry_id=487
2026-07-21 15:35:01,212 | INFO     | atmo_system | Uploaded to ThingSpeak, entry_id=488
2026-07-21 15:35:21,216 | INFO     | atmo_system | Uploaded to ThingSpeak, entry_id=489
2026-07-21 15:35:41,235 | INFO     | atmo_system | Uploaded to ThingSpeak, entry_id=490
2026-07-21 15:36:01,252 | INFO     | atmo_system | Uploaded to ThingSpeak, entry_id=491
2026-07-21 15:36:21,246 | INFO     | atmo_system | Uploaded to ThingSpeak, entry_id=492
2026-07-21 15:36:41,356 | INFO     | atmo_system | Uploaded to ThingSpeak, entry_id=493
2026-07-21 15:37:01,353 | INFO     | atmo_system | Uploaded to ThingSpeak, entry_id=494
2026-07-21 15:37:21,451 | INFO     | atmo_system | Uploaded to ThingSpeak, entry_id=495
2026-07-21 15:37:41,556 | INFO     | atmo_system | Uploaded to ThingSpeak, entry_id=496
2026-07-21 15:38:01,571 | INFO     | atmo_system | Uploaded to ThingSpeak, entry_id=497
2026-07-21 15:38:21,577 | INFO     | atmo_system | Uploaded to ThingSpeak, entry_id=498
2026-07-21 15:38:41,593 | INFO     | atmo_system | Uploaded to ThingSpeak, entry_id=499
2026-07-21 15:39:01,602 | INFO     | atmo_system | Uploaded to ThingSpeak, entry_id=500
2026-07-21 15:39:21,603 | INFO     | atmo_system | Uploaded to ThingSpeak, entry_id=501
2026-07-21 15:39:46,661 | INFO     | atmo_system | Uploaded to ThingSpeak, entry_id=502
2026-07-21 15:40:01,673 | INFO     | atmo_system | Uploaded to ThingSpeak, entry_id=503
2026-07-21 15:40:21,682 | INFO     | atmo_system | Uploaded to ThingSpeak, entry_id=504
2026-07-21 15:40:41,721 | INFO     | atmo_system | Uploaded to ThingSpeak, entry_id=505
2026-07-21 15:41:01,732 | INFO     | atmo_system | Uploaded to ThingSpeak, entry_id=506
2026-07-21 15:41:21,741 | INFO     | atmo_system | Uploaded to ThingSpeak, entry_id=507
2026-07-21 15:41:41,773 | INFO     | atmo_system | Uploaded to ThingSpeak, entry_id=508
2026-07-21 15:42:01,788 | INFO     | atmo_system | Uploaded to ThingSpeak, entry_id=509
2026-07-21 15:42:21,800 | INFO     | atmo_system | Uploaded to ThingSpeak, entry_id=510
2026-07-21 15:42:41,820 | INFO     | atmo_system | Uploaded to ThingSpeak, entry_id=511
2026-07-21 15:43:01,821 | INFO     | atmo_system | Uploaded to ThingSpeak, entry_id=512
2026-07-21 15:43:21,819 | INFO     | atmo_system | Uploaded to ThingSpeak, entry_id=513
2026-07-21 15:43:41,940 | INFO     | atmo_system | Uploaded to ThingSpeak, entry_id=514
2026-07-21 15:44:01,942 | INFO     | atmo_system | Uploaded to ThingSpeak, entry_id=515
2026-07-21 15:44:21,955 | INFO     | atmo_system | Uploaded to ThingSpeak, entry_id=516
2026-07-21 15:44:42,148 | INFO     | atmo_system | Uploaded to ThingSpeak, entry_id=517
2026-07-21 15:45:02,061 | INFO     | atmo_system | Uploaded to ThingSpeak, entry_id=518
2026-07-21 15:45:22,060 | INFO     | atmo_system | Uploaded to ThingSpeak, entry_id=519
2026-07-21 15:45:42,175 | INFO     | atmo_system | Uploaded to ThingSpeak, entry_id=520
2026-07-21 15:46:02,189 | INFO     | atmo_system | Uploaded to ThingSpeak, entry_id=521
2026-07-21 15:46:22,203 | INFO     | atmo_system | Uploaded to ThingSpeak, entry_id=522
2026-07-21 15:46:42,227 | INFO     | atmo_system | Uploaded to ThingSpeak, entry_id=523
2026-07-21 15:47:02,231 | INFO     | atmo_system | Uploaded to ThingSpeak, entry_id=524
2026-07-21 15:47:22,229 | INFO     | atmo_system | Uploaded to ThingSpeak, entry_id=525
2026-07-21 15:47:42,377 | INFO     | atmo_system | Uploaded to ThingSpeak, entry_id=526
2026-07-21 15:48:02,380 | INFO     | atmo_system | Uploaded to ThingSpeak, entry_id=527
2026-07-21 15:48:22,397 | INFO     | atmo_system | Uploaded to ThingSpeak, entry_id=528
2026-07-21 15:48:42,410 | INFO     | atmo_system | Uploaded to ThingSpeak, entry_id=529
2026-07-21 15:49:02,416 | INFO     | atmo_system | Uploaded to ThingSpeak, entry_id=530
2026-07-21 15:49:22,423 | INFO     | atmo_system | Uploaded to ThingSpeak, entry_id=531
2026-07-21 15:49:42,496 | INFO     | atmo_system | Uploaded to ThingSpeak, entry_id=532
2026-07-21 15:50:02,500 | INFO     | atmo_system | Uploaded to ThingSpeak, entry_id=533
2026-07-21 15:50:22,500 | INFO     | atmo_system | Uploaded to ThingSpeak, entry_id=534
2026-07-21 15:50:42,617 | INFO     | atmo_system | Uploaded to ThingSpeak, entry_id=535
2026-07-21 15:51:02,621 | INFO     | atmo_system | Uploaded to ThingSpeak, entry_id=536
2026-07-21 15:51:22,629 | INFO     | atmo_system | Uploaded to ThingSpeak, entry_id=537
2026-07-21 15:51:42,651 | INFO     | atmo_system | Uploaded to ThingSpeak, entry_id=538
2026-07-21 15:52:02,658 | INFO     | atmo_system | Uploaded to ThingSpeak, entry_id=539
2026-07-21 15:52:22,653 | INFO     | atmo_system | Uploaded to ThingSpeak, entry_id=540
2026-07-21 15:52:42,676 | INFO     | atmo_system | Uploaded to ThingSpeak, entry_id=541
2026-07-21 15:53:02,686 | INFO     | atmo_system | Uploaded to ThingSpeak, entry_id=542
2026-07-21 15:53:22,692 | INFO     | atmo_system | Uploaded to ThingSpeak, entry_id=543
2026-07-21 15:53:42,772 | INFO     | atmo_system | Uploaded to ThingSpeak, entry_id=544
2026-07-21 15:54:02,771 | INFO     | atmo_system | Uploaded to ThingSpeak, entry_id=545
2026-07-21 15:54:22,865 | INFO     | atmo_system | Uploaded to ThingSpeak, entry_id=546
2026-07-21 15:54:42,979 | INFO     | atmo_system | Uploaded to ThingSpeak, entry_id=547
2026-07-21 15:55:02,979 | INFO     | atmo_system | Uploaded to ThingSpeak, entry_id=548
2026-07-21 15:55:22,986 | INFO     | atmo_system | Uploaded to ThingSpeak, entry_id=549
2026-07-21 15:55:42,987 | INFO     | atmo_system | Uploaded to ThingSpeak, entry_id=550
2026-07-21 15:56:02,986 | INFO     | atmo_system | Uploaded to ThingSpeak, entry_id=551
2026-07-21 15:56:23,087 | INFO     | atmo_system | Uploaded to ThingSpeak, entry_id=552
2026-07-21 15:56:43,093 | INFO     | atmo_system | Uploaded to ThingSpeak, entry_id=553
2026-07-21 15:57:03,094 | INFO     | atmo_system | Uploaded to ThingSpeak, entry_id=554
2026-07-21 15:57:23,187 | INFO     | atmo_system | Uploaded to ThingSpeak, entry_id=555
2026-07-21 15:57:43,299 | INFO     | atmo_system | Uploaded to ThingSpeak, entry_id=556
2026-07-21 15:58:03,305 | INFO     | atmo_system | Uploaded to ThingSpeak, entry_id=557
2026-07-21 15:58:23,303 | INFO     | atmo_system | Uploaded to ThingSpeak, entry_id=558
2026-07-21 15:58:43,408 | INFO     | atmo_system | Uploaded to ThingSpeak, entry_id=559
2026-07-21 15:59:03,405 | INFO     | atmo_system | Uploaded to ThingSpeak, entry_id=560
2026-07-21 15:59:23,521 | INFO     | atmo_system | Uploaded to ThingSpeak, entry_id=561
2026-07-21 15:59:45,197 | INFO     | atmo_system | Uploaded to ThingSpeak, entry_id=562
2026-07-21 16:00:04,934 | INFO     | atmo_system | Uploaded to ThingSpeak, entry_id=563
2026-07-21 16:00:23,669 | INFO     | atmo_system | Uploaded to ThingSpeak, entry_id=564
2026-07-21 16:00:43,685 | INFO     | atmo_system | Uploaded to ThingSpeak, entry_id=565
2026-07-21 16:01:03,694 | INFO     | atmo_system | Uploaded to ThingSpeak, entry_id=566
2026-07-21 16:01:23,703 | INFO     | atmo_system | Uploaded to ThingSpeak, entry_id=567
2026-07-21 16:01:43,723 | INFO     | atmo_system | Uploaded to ThingSpeak, entry_id=568
2026-07-21 16:02:03,735 | INFO     | atmo_system | Uploaded to ThingSpeak, entry_id=569
2026-07-21 16:02:23,746 | INFO     | atmo_system | Uploaded to ThingSpeak, entry_id=570
2026-07-21 16:02:43,765 | INFO     | atmo_system | Uploaded to ThingSpeak, entry_id=571
2026-07-21 16:03:03,766 | INFO     | atmo_system | Uploaded to ThingSpeak, entry_id=572
2026-07-21 16:03:23,883 | INFO     | atmo_system | Uploaded to ThingSpeak, entry_id=573
2026-07-21 16:03:43,891 | INFO     | atmo_system | Uploaded to ThingSpeak, entry_id=574
2026-07-21 16:04:03,905 | INFO     | atmo_system | Uploaded to ThingSpeak, entry_id=575
2026-07-21 16:04:23,902 | INFO     | atmo_system | Uploaded to ThingSpeak, entry_id=576
2026-07-21 16:04:44,013 | INFO     | atmo_system | Uploaded to ThingSpeak, entry_id=577
2026-07-21 16:05:04,017 | INFO     | atmo_system | Uploaded to ThingSpeak, entry_id=578
2026-07-21 16:05:24,014 | INFO     | atmo_system | Uploaded to ThingSpeak, entry_id=579
2026-07-21 16:05:44,137 | INFO     | atmo_system | Uploaded to ThingSpeak, entry_id=580
2026-07-21 16:06:04,139 | INFO     | atmo_system | Uploaded to ThingSpeak, entry_id=581
2026-07-21 16:06:24,141 | INFO     | atmo_system | Uploaded to ThingSpeak, entry_id=582
2026-07-21 16:06:44,163 | INFO     | atmo_system | Uploaded to ThingSpeak, entry_id=583
2026-07-21 16:07:04,161 | INFO     | atmo_system | Uploaded to ThingSpeak, entry_id=584
2026-07-21 16:07:24,164 | INFO     | atmo_system | Uploaded to ThingSpeak, entry_id=585
2026-07-21 16:07:44,279 | INFO     | atmo_system | Uploaded to ThingSpeak, entry_id=586
2026-07-21 16:08:04,289 | INFO     | atmo_system | Uploaded to ThingSpeak, entry_id=587
2026-07-21 16:08:24,294 | INFO     | atmo_system | Uploaded to ThingSpeak, entry_id=588
2026-07-21 16:08:44,306 | INFO     | atmo_system | Uploaded to ThingSpeak, entry_id=589
2026-07-21 16:09:04,305 | INFO     | atmo_system | Uploaded to ThingSpeak, entry_id=590
2026-07-21 16:09:24,407 | INFO     | atmo_system | Uploaded to ThingSpeak, entry_id=591
2026-07-21 16:09:44,590 | INFO     | atmo_system | Uploaded to ThingSpeak, entry_id=592
2026-07-21 16:10:04,488 | INFO     | atmo_system | Uploaded to ThingSpeak, entry_id=593
2026-07-21 16:10:24,591 | INFO     | atmo_system | Uploaded to ThingSpeak, entry_id=594
2026-07-21 16:10:44,604 | INFO     | atmo_system | Uploaded to ThingSpeak, entry_id=595
2026-07-21 16:11:04,603 | INFO     | atmo_system | Uploaded to ThingSpeak, entry_id=596
2026-07-21 16:11:24,699 | INFO     | atmo_system | Uploaded to ThingSpeak, entry_id=597
2026-07-21 16:11:44,816 | INFO     | atmo_system | Uploaded to ThingSpeak, entry_id=598
2026-07-21 16:12:04,821 | INFO     | atmo_system | Uploaded to ThingSpeak, entry_id=599
2026-07-21 16:12:24,828 | INFO     | atmo_system | Uploaded to ThingSpeak, entry_id=600
2026-07-21 16:12:44,845 | INFO     | atmo_system | Uploaded to ThingSpeak, entry_id=601
2026-07-21 16:13:04,846 | INFO     | atmo_system | Uploaded to ThingSpeak, entry_id=602
2026-07-21 16:13:24,847 | INFO     | atmo_system | Uploaded to ThingSpeak, entry_id=603
2026-07-21 16:13:44,855 | INFO     | atmo_system | Uploaded to ThingSpeak, entry_id=604
2026-07-21 16:14:04,855 | INFO     | atmo_system | Uploaded to ThingSpeak, entry_id=605
2026-07-21 16:14:24,949 | INFO     | atmo_system | Uploaded to ThingSpeak, entry_id=606
2026-07-21 16:14:45,234 | INFO     | atmo_system | Uploaded to ThingSpeak, entry_id=607
2026-07-21 16:15:05,154 | INFO     | atmo_system | Uploaded to ThingSpeak, entry_id=608
2026-07-21 16:15:25,158 | INFO     | atmo_system | Uploaded to ThingSpeak, entry_id=609
2026-07-21 16:15:45,264 | INFO     | atmo_system | Uploaded to ThingSpeak, entry_id=610
2026-07-21 16:16:06,184 | INFO     | atmo_system | Uploaded to ThingSpeak, entry_id=611
2026-07-21 16:16:25,288 | INFO     | atmo_system | Uploaded to ThingSpeak, entry_id=612
2026-07-21 16:16:45,292 | INFO     | atmo_system | Uploaded to ThingSpeak, entry_id=613
2026-07-21 16:17:05,301 | INFO     | atmo_system | Uploaded to ThingSpeak, entry_id=614
2026-07-21 16:17:25,301 | INFO     | atmo_system | Uploaded to ThingSpeak, entry_id=615
2026-07-21 16:17:45,437 | INFO     | atmo_system | Uploaded to ThingSpeak, entry_id=616
2026-07-21 16:18:05,453 | INFO     | atmo_system | Uploaded to ThingSpeak, entry_id=617
2026-07-21 16:18:25,483 | INFO     | atmo_system | Uploaded to ThingSpeak, entry_id=618
2026-07-21 16:18:45,488 | INFO     | atmo_system | Uploaded to ThingSpeak, entry_id=619
2026-07-21 16:19:05,490 | INFO     | atmo_system | Uploaded to ThingSpeak, entry_id=620
2026-07-21 16:19:25,490 | INFO     | atmo_system | Uploaded to ThingSpeak, entry_id=621
2026-07-21 16:19:50,624 | INFO     | atmo_system | Uploaded to ThingSpeak, entry_id=622
2026-07-21 16:20:05,631 | INFO     | atmo_system | Uploaded to ThingSpeak, entry_id=623
2026-07-21 16:20:25,638 | INFO     | atmo_system | Uploaded to ThingSpeak, entry_id=624
2026-07-21 16:20:45,652 | INFO     | atmo_system | Uploaded to ThingSpeak, entry_id=625
2026-07-21 16:21:05,671 | INFO     | atmo_system | Uploaded to ThingSpeak, entry_id=626
2026-07-21 16:21:25,683 | INFO     | atmo_system | Uploaded to ThingSpeak, entry_id=627
2026-07-21 16:21:45,680 | INFO     | atmo_system | Uploaded to ThingSpeak, entry_id=628
2026-07-21 16:22:05,805 | INFO     | atmo_system | Uploaded to ThingSpeak, entry_id=629
2026-07-21 16:22:25,812 | INFO     | atmo_system | Uploaded to ThingSpeak, entry_id=630
2026-07-21 16:22:45,811 | INFO     | atmo_system | Uploaded to ThingSpeak, entry_id=631
2026-07-21 16:23:05,928 | INFO     | atmo_system | Uploaded to ThingSpeak, entry_id=632
2026-07-21 16:23:25,939 | INFO     | atmo_system | Uploaded to ThingSpeak, entry_id=633
2026-07-21 16:23:45,945 | INFO     | atmo_system | Uploaded to ThingSpeak, entry_id=634
2026-07-21 16:24:05,964 | INFO     | atmo_system | Uploaded to ThingSpeak, entry_id=635
2026-07-21 16:24:25,965 | INFO     | atmo_system | Uploaded to ThingSpeak, entry_id=636
2026-07-21 16:24:45,978 | INFO     | atmo_system | Uploaded to ThingSpeak, entry_id=637
2026-07-21 16:25:06,155 | INFO     | atmo_system | Uploaded to ThingSpeak, entry_id=638
2026-07-21 16:25:26,060 | INFO     | atmo_system | Uploaded to ThingSpeak, entry_id=639
2026-07-21 16:25:46,070 | INFO     | atmo_system | Uploaded to ThingSpeak, entry_id=640
2026-07-21 16:26:06,103 | INFO     | atmo_system | Uploaded to ThingSpeak, entry_id=641
2026-07-21 16:26:26,101 | INFO     | atmo_system | Uploaded to ThingSpeak, entry_id=642
2026-07-21 16:26:46,196 | INFO     | atmo_system | Uploaded to ThingSpeak, entry_id=643
2026-07-21 16:27:06,380 | INFO     | atmo_system | Uploaded to ThingSpeak, entry_id=644
2026-07-21 16:27:26,385 | INFO     | atmo_system | Uploaded to ThingSpeak, entry_id=645
2026-07-21 16:27:46,398 | INFO     | atmo_system | Uploaded to ThingSpeak, entry_id=646
2026-07-21 16:28:06,396 | INFO     | atmo_system | Uploaded to ThingSpeak, entry_id=647
2026-07-21 16:28:26,529 | INFO     | atmo_system | Uploaded to ThingSpeak, entry_id=648
2026-07-21 16:28:46,542 | INFO     | atmo_system | Uploaded to ThingSpeak, entry_id=649
2026-07-21 16:29:06,549 | INFO     | atmo_system | Uploaded to ThingSpeak, entry_id=650
2026-07-21 16:29:26,552 | INFO     | atmo_system | Uploaded to ThingSpeak, entry_id=651
2026-07-21 16:29:46,563 | INFO     | atmo_system | Uploaded to ThingSpeak, entry_id=652
2026-07-21 16:30:06,591 | INFO     | atmo_system | Uploaded to ThingSpeak, entry_id=653
2026-07-21 16:30:26,596 | INFO     | atmo_system | Uploaded to ThingSpeak, entry_id=654
2026-07-21 16:30:46,597 | INFO     | atmo_system | Uploaded to ThingSpeak, entry_id=655
2026-07-21 16:31:06,604 | INFO     | atmo_system | Uploaded to ThingSpeak, entry_id=656
2026-07-21 16:31:26,614 | INFO     | atmo_system | Uploaded to ThingSpeak, entry_id=657
2026-07-21 16:31:46,625 | INFO     | atmo_system | Uploaded to ThingSpeak, entry_id=658
2026-07-21 16:32:06,639 | INFO     | atmo_system | Uploaded to ThingSpeak, entry_id=659
2026-07-21 16:32:26,640 | INFO     | atmo_system | Uploaded to ThingSpeak, entry_id=660
2026-07-21 16:32:46,738 | INFO     | atmo_system | Uploaded to ThingSpeak, entry_id=661
2026-07-21 16:33:06,866 | INFO     | atmo_system | Uploaded to ThingSpeak, entry_id=662
2026-07-21 16:33:26,868 | INFO     | atmo_system | Uploaded to ThingSpeak, entry_id=663
2026-07-21 16:33:46,880 | INFO     | atmo_system | Uploaded to ThingSpeak, entry_id=664
2026-07-21 16:34:06,881 | INFO     | atmo_system | Uploaded to ThingSpeak, entry_id=665
2026-07-21 16:34:26,895 | INFO     | atmo_system | Uploaded to ThingSpeak, entry_id=666
2026-07-21 16:34:46,915 | INFO     | atmo_system | Uploaded to ThingSpeak, entry_id=667
2026-07-21 16:35:07,094 | INFO     | atmo_system | Uploaded to ThingSpeak, entry_id=668
2026-07-21 16:35:27,007 | INFO     | atmo_system | Uploaded to ThingSpeak, entry_id=669
2026-07-21 16:35:47,026 | INFO     | atmo_system | Uploaded to ThingSpeak, entry_id=670
2026-07-21 16:36:07,027 | INFO     | atmo_system | Uploaded to ThingSpeak, entry_id=671
2026-07-21 16:36:27,024 | INFO     | atmo_system | Uploaded to ThingSpeak, entry_id=672
2026-07-21 16:36:47,127 | INFO     | atmo_system | Uploaded to ThingSpeak, entry_id=673
2026-07-21 16:37:07,148 | INFO     | atmo_system | Uploaded to ThingSpeak, entry_id=674
2026-07-21 16:37:27,156 | INFO     | atmo_system | Uploaded to ThingSpeak, entry_id=675
2026-07-21 16:37:47,174 | INFO     | atmo_system | Uploaded to ThingSpeak, entry_id=676
2026-07-21 16:38:07,203 | INFO     | atmo_system | Uploaded to ThingSpeak, entry_id=677
2026-07-21 16:38:27,206 | INFO     | atmo_system | Uploaded to ThingSpeak, entry_id=678
2026-07-21 16:38:47,211 | INFO     | atmo_system | Uploaded to ThingSpeak, entry_id=679
2026-07-21 16:39:07,211 | INFO     | atmo_system | Uploaded to ThingSpeak, entry_id=680
2026-07-21 16:39:27,219 | INFO     | atmo_system | Uploaded to ThingSpeak, entry_id=681
2026-07-21 16:39:47,223 | INFO     | atmo_system | Uploaded to ThingSpeak, entry_id=682
2026-07-21 16:40:07,242 | INFO     | atmo_system | Uploaded to ThingSpeak, entry_id=683
2026-07-21 16:40:27,259 | INFO     | atmo_system | Uploaded to ThingSpeak, entry_id=684
2026-07-21 16:40:47,255 | INFO     | atmo_system | Uploaded to ThingSpeak, entry_id=685
2026-07-21 16:41:07,434 | INFO     | atmo_system | Uploaded to ThingSpeak, entry_id=686
2026-07-21 16:41:27,442 | INFO     | atmo_system | Uploaded to ThingSpeak, entry_id=687
2026-07-21 16:41:47,450 | INFO     | atmo_system | Uploaded to ThingSpeak, entry_id=688
2026-07-21 16:42:07,471 | INFO     | atmo_system | Uploaded to ThingSpeak, entry_id=689
2026-07-21 16:42:27,474 | INFO     | atmo_system | Uploaded to ThingSpeak, entry_id=690
2026-07-21 16:42:47,481 | INFO     | atmo_system | Uploaded to ThingSpeak, entry_id=691
2026-07-21 16:43:07,502 | INFO     | atmo_system | Uploaded to ThingSpeak, entry_id=692
2026-07-21 16:43:27,505 | INFO     | atmo_system | Uploaded to ThingSpeak, entry_id=693
2026-07-21 16:43:47,566 | INFO     | atmo_system | Uploaded to ThingSpeak, entry_id=694
2026-07-21 16:44:07,574 | INFO     | atmo_system | Uploaded to ThingSpeak, entry_id=695
2026-07-21 16:44:27,571 | INFO     | atmo_system | Uploaded to ThingSpeak, entry_id=696
2026-07-21 16:44:47,663 | INFO     | atmo_system | Uploaded to ThingSpeak, entry_id=697
2026-07-21 16:45:07,946 | INFO     | atmo_system | Uploaded to ThingSpeak, entry_id=698
2026-07-21 16:45:27,856 | INFO     | atmo_system | Uploaded to ThingSpeak, entry_id=699
2026-07-21 16:45:47,858 | INFO     | atmo_system | Uploaded to ThingSpeak, entry_id=700
2026-07-21 16:46:07,869 | INFO     | atmo_system | Uploaded to ThingSpeak, entry_id=701
2026-07-21 16:46:27,933 | INFO     | atmo_system | Uploaded to ThingSpeak, entry_id=702
2026-07-21 16:46:47,946 | INFO     | atmo_system | Uploaded to ThingSpeak, entry_id=703
2026-07-21 16:47:07,962 | INFO     | atmo_system | Uploaded to ThingSpeak, entry_id=704
2026-07-21 16:47:27,962 | INFO     | atmo_system | Uploaded to ThingSpeak, entry_id=705
2026-07-21 16:47:48,071 | INFO     | atmo_system | Uploaded to ThingSpeak, entry_id=706
2026-07-21 16:48:08,088 | INFO     | atmo_system | Uploaded to ThingSpeak, entry_id=707
2026-07-21 16:48:28,095 | INFO     | atmo_system | Uploaded to ThingSpeak, entry_id=708
2026-07-21 16:48:48,091 | INFO     | atmo_system | Uploaded to ThingSpeak, entry_id=709
2026-07-21 16:49:08,238 | INFO     | atmo_system | Uploaded to ThingSpeak, entry_id=710
2026-07-21 16:49:28,233 | INFO     | atmo_system | Uploaded to ThingSpeak, entry_id=711
2026-07-21 16:49:48,329 | INFO     | atmo_system | Uploaded to ThingSpeak, entry_id=712
2026-07-21 16:50:08,450 | INFO     | atmo_system | Uploaded to ThingSpeak, entry_id=713
2026-07-21 16:50:28,447 | INFO     | atmo_system | Uploaded to ThingSpeak, entry_id=714
2026-07-21 16:50:48,556 | INFO     | atmo_system | Uploaded to ThingSpeak, entry_id=715
2026-07-21 16:51:08,557 | INFO     | atmo_system | Uploaded to ThingSpeak, entry_id=716
2026-07-21 16:51:28,555 | INFO     | atmo_system | Uploaded to ThingSpeak, entry_id=717
2026-07-21 16:51:48,678 | INFO     | atmo_system | Uploaded to ThingSpeak, entry_id=718
2026-07-21 16:52:08,703 | INFO     | atmo_system | Uploaded to ThingSpeak, entry_id=719
2026-07-21 16:52:28,719 | INFO     | atmo_system | Uploaded to ThingSpeak, entry_id=720
2026-07-21 16:52:48,734 | INFO     | atmo_system | Uploaded to ThingSpeak, entry_id=721
2026-07-21 16:53:08,759 | INFO     | atmo_system | Uploaded to ThingSpeak, entry_id=722
2026-07-21 16:53:28,755 | INFO     | atmo_system | Uploaded to ThingSpeak, entry_id=723
2026-07-21 16:53:48,856 | INFO     | atmo_system | Uploaded to ThingSpeak, entry_id=724
2026-07-21 16:54:08,869 | INFO     | atmo_system | Uploaded to ThingSpeak, entry_id=725
2026-07-21 16:54:28,886 | INFO     | atmo_system | Uploaded to ThingSpeak, entry_id=726
2026-07-21 16:54:48,901 | INFO     | atmo_system | Uploaded to ThingSpeak, entry_id=727
2026-07-21 16:55:09,133 | INFO     | atmo_system | Uploaded to ThingSpeak, entry_id=728
2026-07-21 16:55:28,932 | INFO     | atmo_system | Uploaded to ThingSpeak, entry_id=729
2026-07-21 16:55:49,033 | INFO     | atmo_system | Uploaded to ThingSpeak, entry_id=730
2026-07-21 16:56:09,047 | INFO     | atmo_system | Uploaded to ThingSpeak, entry_id=731
2026-07-21 16:56:29,054 | INFO     | atmo_system | Uploaded to ThingSpeak, entry_id=732
2026-07-21 16:56:49,066 | INFO     | atmo_system | Uploaded to ThingSpeak, entry_id=733
2026-07-21 16:57:09,084 | INFO     | atmo_system | Uploaded to ThingSpeak, entry_id=734
2026-07-21 16:57:29,091 | INFO     | atmo_system | Uploaded to ThingSpeak, entry_id=735
2026-07-21 16:57:49,098 | INFO     | atmo_system | Uploaded to ThingSpeak, entry_id=736
2026-07-21 16:58:09,103 | INFO     | atmo_system | Uploaded to ThingSpeak, entry_id=737
2026-07-21 16:58:29,105 | INFO     | atmo_system | Uploaded to ThingSpeak, entry_id=738
2026-07-21 16:58:49,116 | INFO     | atmo_system | Uploaded to ThingSpeak, entry_id=739
2026-07-21 16:59:09,117 | INFO     | atmo_system | Uploaded to ThingSpeak, entry_id=740
2026-07-21 16:59:29,114 | INFO     | atmo_system | Uploaded to ThingSpeak, entry_id=741
2026-07-21 16:59:54,412 | INFO     | atmo_system | Uploaded to ThingSpeak, entry_id=742
2026-07-21 17:00:09,316 | WARNING  | atmo_system | ThingSpeak accepted the request but rejected the update (rate limit or invalid key). Response: 0
2026-07-21 17:00:29,326 | INFO     | atmo_system | Uploaded to ThingSpeak, entry_id=743
2026-07-21 17:00:49,329 | INFO     | atmo_system | Uploaded to ThingSpeak, entry_id=744
2026-07-21 17:01:09,338 | INFO     | atmo_system | Uploaded to ThingSpeak, entry_id=745
2026-07-21 17:01:29,344 | INFO     | atmo_system | Uploaded to ThingSpeak, entry_id=746
2026-07-21 17:01:49,344 | INFO     | atmo_system | Uploaded to ThingSpeak, entry_id=747
2026-07-21 17:02:09,478 | INFO     | atmo_system | Uploaded to ThingSpeak, entry_id=748
2026-07-21 17:02:29,541 | INFO     | atmo_system | Uploaded to ThingSpeak, entry_id=749
2026-07-21 17:02:49,544 | INFO     | atmo_system | Uploaded to ThingSpeak, entry_id=750
2026-07-21 17:03:09,570 | INFO     | atmo_system | Uploaded to ThingSpeak, entry_id=751
2026-07-21 17:03:29,583 | INFO     | atmo_system | Uploaded to ThingSpeak, entry_id=752
2026-07-21 17:03:49,590 | INFO     | atmo_system | Uploaded to ThingSpeak, entry_id=753
2026-07-21 17:04:09,596 | INFO     | atmo_system | Uploaded to ThingSpeak, entry_id=754
2026-07-21 17:04:29,593 | INFO     | atmo_system | Uploaded to ThingSpeak, entry_id=755
2026-07-21 17:04:49,688 | INFO     | atmo_system | Uploaded to ThingSpeak, entry_id=756
2026-07-21 17:05:09,961 | INFO     | atmo_system | Uploaded to ThingSpeak, entry_id=757
2026-07-21 17:05:29,887 | INFO     | atmo_system | Uploaded to ThingSpeak, entry_id=758
2026-07-21 17:05:49,888 | INFO     | atmo_system | Uploaded to ThingSpeak, entry_id=759
2026-07-21 17:06:09,888 | INFO     | atmo_system | Uploaded to ThingSpeak, entry_id=760
2026-07-21 17:06:29,895 | INFO     | atmo_system | Uploaded to ThingSpeak, entry_id=761
2026-07-21 17:06:49,909 | INFO     | atmo_system | Uploaded to ThingSpeak, entry_id=762
2026-07-21 17:07:09,927 | INFO     | atmo_system | Uploaded to ThingSpeak, entry_id=763
2026-07-21 17:07:29,931 | INFO     | atmo_system | Uploaded to ThingSpeak, entry_id=764
2026-07-21 17:07:49,924 | INFO     | atmo_system | Uploaded to ThingSpeak, entry_id=765
2026-07-21 17:08:10,027 | INFO     | atmo_system | Uploaded to ThingSpeak, entry_id=766
2026-07-21 17:08:30,036 | INFO     | atmo_system | Uploaded to ThingSpeak, entry_id=767
2026-07-21 17:08:50,045 | INFO     | atmo_system | Uploaded to ThingSpeak, entry_id=768
2026-07-21 17:09:10,059 | INFO     | atmo_system | Uploaded to ThingSpeak, entry_id=769
2026-07-21 17:09:30,063 | INFO     | atmo_system | Uploaded to ThingSpeak, entry_id=770
2026-07-21 17:09:50,067 | INFO     | atmo_system | Uploaded to ThingSpeak, entry_id=771
2026-07-21 17:10:10,094 | INFO     | atmo_system | Uploaded to ThingSpeak, entry_id=772
2026-07-21 17:10:30,116 | INFO     | atmo_system | Uploaded to ThingSpeak, entry_id=773
2026-07-21 17:10:50,127 | INFO     | atmo_system | Uploaded to ThingSpeak, entry_id=774
2026-07-21 17:11:10,135 | INFO     | atmo_system | Uploaded to ThingSpeak, entry_id=775
2026-07-21 17:11:30,164 | INFO     | atmo_system | Uploaded to ThingSpeak, entry_id=776
2026-07-21 17:11:50,162 | INFO     | atmo_system | Uploaded to ThingSpeak, entry_id=777
2026-07-21 17:12:10,284 | INFO     | atmo_system | Uploaded to ThingSpeak, entry_id=778
2026-07-21 17:12:30,287 | INFO     | atmo_system | Uploaded to ThingSpeak, entry_id=779
2026-07-21 17:12:50,307 | INFO     | atmo_system | Uploaded to ThingSpeak, entry_id=780
2026-07-21 17:13:10,335 | INFO     | atmo_system | Uploaded to ThingSpeak, entry_id=781
2026-07-21 17:13:30,328 | INFO     | atmo_system | Uploaded to ThingSpeak, entry_id=782
2026-07-21 17:13:50,423 | INFO     | atmo_system | Uploaded to ThingSpeak, entry_id=783
2026-07-21 17:14:10,524 | INFO     | atmo_system | Uploaded to ThingSpeak, entry_id=784
2026-07-21 17:14:30,577 | INFO     | atmo_system | Uploaded to ThingSpeak, entry_id=785
2026-07-21 17:14:50,575 | INFO     | atmo_system | Uploaded to ThingSpeak, entry_id=786
2026-07-21 17:15:10,855 | INFO     | atmo_system | Uploaded to ThingSpeak, entry_id=787
2026-07-21 17:15:30,762 | INFO     | atmo_system | Uploaded to ThingSpeak, entry_id=788
2026-07-21 17:15:50,763 | INFO     | atmo_system | Uploaded to ThingSpeak, entry_id=789
2026-07-21 17:16:10,887 | INFO     | atmo_system | Uploaded to ThingSpeak, entry_id=790
2026-07-21 17:16:30,895 | INFO     | atmo_system | Uploaded to ThingSpeak, entry_id=791
2026-07-21 17:16:50,895 | INFO     | atmo_system | Uploaded to ThingSpeak, entry_id=792
2026-07-21 17:17:10,927 | INFO     | atmo_system | Uploaded to ThingSpeak, entry_id=793
2026-07-21 17:17:30,929 | INFO     | atmo_system | Uploaded to ThingSpeak, entry_id=794
2026-07-21 17:17:50,926 | INFO     | atmo_system | Uploaded to ThingSpeak, entry_id=795
2026-07-21 17:18:11,055 | INFO     | atmo_system | Uploaded to ThingSpeak, entry_id=796
2026-07-21 17:18:31,059 | INFO     | atmo_system | Uploaded to ThingSpeak, entry_id=797
2026-07-21 17:18:51,058 | INFO     | atmo_system | Uploaded to ThingSpeak, entry_id=798
2026-07-21 17:19:11,164 | INFO     | atmo_system | Uploaded to ThingSpeak, entry_id=799
2026-07-21 17:19:31,172 | INFO     | atmo_system | Uploaded to ThingSpeak, entry_id=800
2026-07-21 17:19:51,183 | INFO     | atmo_system | Uploaded to ThingSpeak, entry_id=801
2026-07-21 17:20:11,201 | INFO     | atmo_system | Uploaded to ThingSpeak, entry_id=802
2026-07-21 17:20:31,218 | INFO     | atmo_system | Uploaded to ThingSpeak, entry_id=803
2026-07-21 17:20:51,228 | INFO     | atmo_system | Uploaded to ThingSpeak, entry_id=804
2026-07-21 17:21:11,243 | INFO     | atmo_system | Uploaded to ThingSpeak, entry_id=805
2026-07-21 17:21:31,247 | INFO     | atmo_system | Uploaded to ThingSpeak, entry_id=806
2026-07-21 17:21:51,243 | INFO     | atmo_system | Uploaded to ThingSpeak, entry_id=807
2026-07-21 17:22:11,364 | INFO     | atmo_system | Uploaded to ThingSpeak, entry_id=808
2026-07-21 17:22:31,371 | INFO     | atmo_system | Uploaded to ThingSpeak, entry_id=809
2026-07-21 17:22:51,370 | INFO     | atmo_system | Uploaded to ThingSpeak, entry_id=810
2026-07-21 17:23:11,487 | INFO     | atmo_system | Uploaded to ThingSpeak, entry_id=811
2026-07-21 17:23:31,488 | INFO     | atmo_system | Uploaded to ThingSpeak, entry_id=812
2026-07-21 17:23:51,485 | INFO     | atmo_system | Uploaded to ThingSpeak, entry_id=813
2026-07-21 17:24:11,584 | INFO     | atmo_system | Uploaded to ThingSpeak, entry_id=814
2026-07-21 17:24:31,682 | INFO     | atmo_system | Uploaded to ThingSpeak, entry_id=815
2026-07-21 17:24:51,791 | INFO     | atmo_system | Uploaded to ThingSpeak, entry_id=816
2026-07-21 17:25:11,964 | INFO     | atmo_system | Uploaded to ThingSpeak, entry_id=817
2026-07-21 17:25:31,869 | INFO     | atmo_system | Uploaded to ThingSpeak, entry_id=818
2026-07-21 17:25:51,881 | INFO     | atmo_system | Uploaded to ThingSpeak, entry_id=819
2026-07-21 17:26:11,898 | INFO     | atmo_system | Uploaded to ThingSpeak, entry_id=820
2026-07-21 17:26:31,896 | INFO     | atmo_system | Uploaded to ThingSpeak, entry_id=821
2026-07-21 17:26:52,014 | INFO     | atmo_system | Uploaded to ThingSpeak, entry_id=822
2026-07-21 17:27:12,032 | INFO     | atmo_system | Uploaded to ThingSpeak, entry_id=823
2026-07-21 17:27:32,046 | INFO     | atmo_system | Uploaded to ThingSpeak, entry_id=824
2026-07-21 17:27:52,051 | INFO     | atmo_system | Uploaded to ThingSpeak, entry_id=825
2026-07-21 17:28:12,059 | INFO     | atmo_system | Uploaded to ThingSpeak, entry_id=826
2026-07-21 17:28:32,065 | INFO     | atmo_system | Uploaded to ThingSpeak, entry_id=827
2026-07-21 17:28:52,074 | INFO     | atmo_system | Uploaded to ThingSpeak, entry_id=828
2026-07-21 17:29:12,076 | INFO     | atmo_system | Uploaded to ThingSpeak, entry_id=829
2026-07-21 17:29:32,072 | INFO     | atmo_system | Uploaded to ThingSpeak, entry_id=830
2026-07-21 17:29:52,174 | INFO     | atmo_system | Uploaded to ThingSpeak, entry_id=831
2026-07-21 17:30:12,204 | INFO     | atmo_system | Uploaded to ThingSpeak, entry_id=832
2026-07-21 17:30:32,204 | INFO     | atmo_system | Uploaded to ThingSpeak, entry_id=833
2026-07-21 17:30:52,304 | INFO     | atmo_system | Uploaded to ThingSpeak, entry_id=834
2026-07-21 17:31:12,302 | INFO     | atmo_system | Uploaded to ThingSpeak, entry_id=835
2026-07-21 17:31:32,414 | INFO     | atmo_system | Uploaded to ThingSpeak, entry_id=836
2026-07-21 17:31:52,421 | INFO     | atmo_system | Uploaded to ThingSpeak, entry_id=837
2026-07-21 17:32:12,444 | INFO     | atmo_system | Uploaded to ThingSpeak, entry_id=838
2026-07-21 17:32:32,450 | INFO     | atmo_system | Uploaded to ThingSpeak, entry_id=839
2026-07-21 17:32:52,446 | INFO     | atmo_system | Uploaded to ThingSpeak, entry_id=840
2026-07-21 17:33:12,580 | INFO     | atmo_system | Uploaded to ThingSpeak, entry_id=841
2026-07-21 17:33:32,581 | INFO     | atmo_system | Uploaded to ThingSpeak, entry_id=842
2026-07-21 17:33:52,575 | INFO     | atmo_system | Uploaded to ThingSpeak, entry_id=843
2026-07-21 17:34:12,675 | INFO     | atmo_system | Uploaded to ThingSpeak, entry_id=844
2026-07-21 17:34:32,680 | INFO     | atmo_system | Uploaded to ThingSpeak, entry_id=845
2026-07-21 17:34:52,681 | INFO     | atmo_system | Uploaded to ThingSpeak, entry_id=846
2026-07-21 17:35:12,964 | INFO     | atmo_system | Uploaded to ThingSpeak, entry_id=847
2026-07-21 17:35:32,874 | INFO     | atmo_system | Uploaded to ThingSpeak, entry_id=848
2026-07-21 17:35:52,882 | INFO     | atmo_system | Uploaded to ThingSpeak, entry_id=849
2026-07-21 17:36:12,887 | INFO     | atmo_system | Uploaded to ThingSpeak, entry_id=850
2026-07-21 17:36:32,884 | INFO     | atmo_system | Uploaded to ThingSpeak, entry_id=851
2026-07-21 17:36:52,978 | INFO     | atmo_system | Uploaded to ThingSpeak, entry_id=852
2026-07-21 17:37:13,101 | INFO     | atmo_system | Uploaded to ThingSpeak, entry_id=853
2026-07-21 17:37:33,125 | INFO     | atmo_system | Uploaded to ThingSpeak, entry_id=854
2026-07-21 17:37:53,124 | INFO     | atmo_system | Uploaded to ThingSpeak, entry_id=855
2026-07-21 17:38:13,240 | INFO     | atmo_system | Uploaded to ThingSpeak, entry_id=856
2026-07-21 17:38:33,246 | INFO     | atmo_system | Uploaded to ThingSpeak, entry_id=857
2026-07-21 17:38:53,241 | INFO     | atmo_system | Uploaded to ThingSpeak, entry_id=858
2026-07-21 17:39:13,344 | INFO     | atmo_system | Uploaded to ThingSpeak, entry_id=859
2026-07-21 17:39:33,358 | INFO     | atmo_system | Uploaded to ThingSpeak, entry_id=860
2026-07-21 17:39:53,362 | INFO     | atmo_system | Uploaded to ThingSpeak, entry_id=861
2026-07-21 17:40:13,380 | INFO     | atmo_system | Uploaded to ThingSpeak, entry_id=862
2026-07-21 17:40:33,385 | INFO     | atmo_system | Uploaded to ThingSpeak, entry_id=863
2026-07-21 17:40:53,394 | INFO     | atmo_system | Uploaded to ThingSpeak, entry_id=864
2026-07-21 17:41:13,497 | INFO     | atmo_system | Uploaded to ThingSpeak, entry_id=865
2026-07-21 17:41:33,498 | INFO     | atmo_system | Uploaded to ThingSpeak, entry_id=866
2026-07-21 17:41:53,497 | INFO     | atmo_system | Uploaded to ThingSpeak, entry_id=867
2026-07-21 17:42:13,619 | INFO     | atmo_system | Uploaded to ThingSpeak, entry_id=868
2026-07-21 17:42:33,634 | INFO     | atmo_system | Uploaded to ThingSpeak, entry_id=869
2026-07-21 17:42:53,637 | INFO     | atmo_system | Uploaded to ThingSpeak, entry_id=870
2026-07-21 17:43:13,656 | INFO     | atmo_system | Uploaded to ThingSpeak, entry_id=871
2026-07-21 17:43:33,649 | INFO     | atmo_system | Uploaded to ThingSpeak, entry_id=872
2026-07-21 17:43:53,756 | INFO     | atmo_system | Uploaded to ThingSpeak, entry_id=873
2026-07-21 17:44:13,758 | INFO     | atmo_system | Uploaded to ThingSpeak, entry_id=874
2026-07-21 17:44:33,852 | INFO     | atmo_system | Uploaded to ThingSpeak, entry_id=875
2026-07-21 17:44:53,863 | INFO     | atmo_system | Uploaded to ThingSpeak, entry_id=876
2026-07-21 17:45:14,039 | INFO     | atmo_system | Uploaded to ThingSpeak, entry_id=877
2026-07-21 17:45:33,940 | INFO     | atmo_system | Uploaded to ThingSpeak, entry_id=878
2026-07-21 17:45:53,932 | INFO     | atmo_system | Uploaded to ThingSpeak, entry_id=879
2026-07-21 17:46:14,051 | INFO     | atmo_system | Uploaded to ThingSpeak, entry_id=880
2026-07-21 17:46:34,048 | INFO     | atmo_system | Uploaded to ThingSpeak, entry_id=881
2026-07-21 17:46:54,152 | INFO     | atmo_system | Uploaded to ThingSpeak, entry_id=882
2026-07-21 17:47:14,168 | INFO     | atmo_system | Uploaded to ThingSpeak, entry_id=883
2026-07-21 17:47:34,164 | INFO     | atmo_system | Uploaded to ThingSpeak, entry_id=884
2026-07-21 17:47:54,270 | INFO     | atmo_system | Uploaded to ThingSpeak, entry_id=885
2026-07-21 17:48:14,280 | INFO     | atmo_system | Uploaded to ThingSpeak, entry_id=886
2026-07-21 17:48:34,281 | INFO     | atmo_system | Uploaded to ThingSpeak, entry_id=887
2026-07-21 17:48:54,275 | INFO     | atmo_system | Uploaded to ThingSpeak, entry_id=888
2026-07-21 17:49:14,375 | INFO     | atmo_system | Uploaded to ThingSpeak, entry_id=889
2026-07-21 17:49:34,370 | INFO     | atmo_system | Uploaded to ThingSpeak, entry_id=890
2026-07-21 17:49:54,511 | INFO     | atmo_system | Uploaded to ThingSpeak, entry_id=891
2026-07-21 17:50:14,605 | INFO     | atmo_system | Uploaded to ThingSpeak, entry_id=892
2026-07-21 17:50:34,598 | INFO     | atmo_system | Uploaded to ThingSpeak, entry_id=893
2026-07-21 17:50:54,691 | INFO     | atmo_system | Uploaded to ThingSpeak, entry_id=894
2026-07-21 17:51:14,785 | INFO     | atmo_system | Uploaded to ThingSpeak, entry_id=895
2026-07-21 17:51:34,951 | INFO     | atmo_system | Uploaded to ThingSpeak, entry_id=896
2026-07-21 17:51:54,944 | INFO     | atmo_system | Uploaded to ThingSpeak, entry_id=897
2026-07-21 17:52:15,072 | INFO     | atmo_system | Uploaded to ThingSpeak, entry_id=898
2026-07-21 17:52:35,074 | INFO     | atmo_system | Uploaded to ThingSpeak, entry_id=899
2026-07-21 17:52:55,075 | INFO     | atmo_system | Uploaded to ThingSpeak, entry_id=900
2026-07-21 17:53:15,114 | INFO     | atmo_system | Uploaded to ThingSpeak, entry_id=901
2026-07-21 17:53:35,133 | INFO     | atmo_system | Uploaded to ThingSpeak, entry_id=902
2026-07-21 17:53:55,149 | INFO     | atmo_system | Uploaded to ThingSpeak, entry_id=903
2026-07-21 17:54:15,162 | INFO     | atmo_system | Uploaded to ThingSpeak, entry_id=904
2026-07-21 17:54:35,169 | INFO     | atmo_system | Uploaded to ThingSpeak, entry_id=905
2026-07-21 17:54:55,170 | INFO     | atmo_system | Uploaded to ThingSpeak, entry_id=906
2026-07-21 17:55:15,436 | INFO     | atmo_system | Uploaded to ThingSpeak, entry_id=907
